Archive member included to satisfy reference by file (symbol)

C:\Users\andra\Desktop\stm\cartella progetto\BICICLETTA\Drivers\CMSIS\Lib\GCC\libarm_cortexM4lf_math.a(arm_mat_trans_f32.o)
                              ./Core/Src/kalman.o (arm_mat_trans_f32)
C:\Users\andra\Desktop\stm\cartella progetto\BICICLETTA\Drivers\CMSIS\Lib\GCC\libarm_cortexM4lf_math.a(arm_mat_sub_f32.o)
                              ./Core/Src/kalman.o (arm_mat_sub_f32)
C:\Users\andra\Desktop\stm\cartella progetto\BICICLETTA\Drivers\CMSIS\Lib\GCC\libarm_cortexM4lf_math.a(arm_mat_mult_f32.o)
                              ./Core/Src/kalman.o (arm_mat_mult_f32)
C:\Users\andra\Desktop\stm\cartella progetto\BICICLETTA\Drivers\CMSIS\Lib\GCC\libarm_cortexM4lf_math.a(arm_mat_inverse_f32.o)
                              ./Core/Src/kalman.o (arm_mat_inverse_f32)
C:\Users\andra\Desktop\stm\cartella progetto\BICICLETTA\Drivers\CMSIS\Lib\GCC\libarm_cortexM4lf_math.a(arm_mat_init_f32.o)
                              ./Core/Src/kalman.o (arm_mat_init_f32)
C:\Users\andra\Desktop\stm\cartella progetto\BICICLETTA\Drivers\CMSIS\Lib\GCC\libarm_cortexM4lf_math.a(arm_mat_add_f32.o)
                              ./Core/Src/kalman.o (arm_mat_add_f32)
C:/ST/STM32CubeIDE_1.13.2/STM32CubeIDE/plugins/com.st.stm32cube.ide.mcu.externaltools.gnu-tools-for-stm32.12.3.rel1.win32_1.0.100.202403111256/tools/bin/../lib/gcc/arm-none-eabi/12.3.1/../../../../arm-none-eabi/lib/thumb/v7e-m+fp/hard\libc_nano.a(libc_a-exit.o)
                              C:/ST/STM32CubeIDE_1.13.2/STM32CubeIDE/plugins/com.st.stm32cube.ide.mcu.externaltools.gnu-tools-for-stm32.12.3.rel1.win32_1.0.100.202403111256/tools/bin/../lib/gcc/arm-none-eabi/12.3.1/../../../../arm-none-eabi/lib/thumb/v7e-m+fp/hard/crt0.o (exit)
C:/ST/STM32CubeIDE_1.13.2/STM32CubeIDE/plugins/com.st.stm32cube.ide.mcu.externaltools.gnu-tools-for-stm32.12.3.rel1.win32_1.0.100.202403111256/tools/bin/../lib/gcc/arm-none-eabi/12.3.1/../../../../arm-none-eabi/lib/thumb/v7e-m+fp/hard\libc_nano.a(libc_a-nano-vfprintf_float.o)
                              (_printf_float)
C:/ST/STM32CubeIDE_1.13.2/STM32CubeIDE/plugins/com.st.stm32cube.ide.mcu.externaltools.gnu-tools-for-stm32.12.3.rel1.win32_1.0.100.202403111256/tools/bin/../lib/gcc/arm-none-eabi/12.3.1/../../../../arm-none-eabi/lib/thumb/v7e-m+fp/hard\libc_nano.a(libc_a-nano-vfprintf_i.o)
                              C:/ST/STM32CubeIDE_1.13.2/STM32CubeIDE/plugins/com.st.stm32cube.ide.mcu.externaltools.gnu-tools-for-stm32.12.3.rel1.win32_1.0.100.202403111256/tools/bin/../lib/gcc/arm-none-eabi/12.3.1/../../../../arm-none-eabi/lib/thumb/v7e-m+fp/hard\libc_nano.a(libc_a-nano-vfprintf_float.o) (_printf_common)
C:/ST/STM32CubeIDE_1.13.2/STM32CubeIDE/plugins/com.st.stm32cube.ide.mcu.externaltools.gnu-tools-for-stm32.12.3.rel1.win32_1.0.100.202403111256/tools/bin/../lib/gcc/arm-none-eabi/12.3.1/../../../../arm-none-eabi/lib/thumb/v7e-m+fp/hard\libc_nano.a(libc_a-nano-vfscanf_float.o)
                              (_scanf_float)
C:/ST/STM32CubeIDE_1.13.2/STM32CubeIDE/plugins/com.st.stm32cube.ide.mcu.externaltools.gnu-tools-for-stm32.12.3.rel1.win32_1.0.100.202403111256/tools/bin/../lib/gcc/arm-none-eabi/12.3.1/../../../../arm-none-eabi/lib/thumb/v7e-m+fp/hard\libc_nano.a(libc_a-findfp.o)
                              C:/ST/STM32CubeIDE_1.13.2/STM32CubeIDE/plugins/com.st.stm32cube.ide.mcu.externaltools.gnu-tools-for-stm32.12.3.rel1.win32_1.0.100.202403111256/tools/bin/../lib/gcc/arm-none-eabi/12.3.1/../../../../arm-none-eabi/lib/thumb/v7e-m+fp/hard\libc_nano.a(libc_a-exit.o) (__stdio_exit_handler)
C:/ST/STM32CubeIDE_1.13.2/STM32CubeIDE/plugins/com.st.stm32cube.ide.mcu.externaltools.gnu-tools-for-stm32.12.3.rel1.win32_1.0.100.202403111256/tools/bin/../lib/gcc/arm-none-eabi/12.3.1/../../../../arm-none-eabi/lib/thumb/v7e-m+fp/hard\libc_nano.a(libc_a-fwalk.o)
                              C:/ST/STM32CubeIDE_1.13.2/STM32CubeIDE/plugins/com.st.stm32cube.ide.mcu.externaltools.gnu-tools-for-stm32.12.3.rel1.win32_1.0.100.202403111256/tools/bin/../lib/gcc/arm-none-eabi/12.3.1/../../../../arm-none-eabi/lib/thumb/v7e-m+fp/hard\libc_nano.a(libc_a-findfp.o) (_fwalk_sglue)
C:/ST/STM32CubeIDE_1.13.2/STM32CubeIDE/plugins/com.st.stm32cube.ide.mcu.externaltools.gnu-tools-for-stm32.12.3.rel1.win32_1.0.100.202403111256/tools/bin/../lib/gcc/arm-none-eabi/12.3.1/../../../../arm-none-eabi/lib/thumb/v7e-m+fp/hard\libc_nano.a(libc_a-printf.o)
                              ./Core/Src/bno055.o (printf)
C:/ST/STM32CubeIDE_1.13.2/STM32CubeIDE/plugins/com.st.stm32cube.ide.mcu.externaltools.gnu-tools-for-stm32.12.3.rel1.win32_1.0.100.202403111256/tools/bin/../lib/gcc/arm-none-eabi/12.3.1/../../../../arm-none-eabi/lib/thumb/v7e-m+fp/hard\libc_nano.a(libc_a-puts.o)
                              ./Core/Src/bno055.o (puts)
[...]
Memory Configuration

Name             Origin             Length             Attributes
FLASH            0x08100000         0x00100000         xr
RAM              0x10000000         0x00048000         xrw
*default*        0x00000000         0xffffffff

Linker script and memory map

LOAD C:/ST/STM32CubeIDE_1.13.2/STM32CubeIDE/plugins/com.st.stm32cube.ide.mcu.externaltools.gnu-tools-for-stm32.12.3.rel1.win32_1.0.100.202403111256/tools/bin/../lib/gcc/arm-none-eabi/12.3.1/thumb/v7e-m+fp/hard/crti.o
LOAD C:/ST/STM32CubeIDE_1.13.2/STM32CubeIDE/plugins/com.st.stm32cube.ide.mcu.externaltools.gnu-tools-for-stm32.12.3.rel1.win32_1.0.100.202403111256/tools/bin/../lib/gcc/arm-none-eabi/12.3.1/thumb/v7e-m+fp/hard/crtbegin.o
LOAD C:/ST/STM32CubeIDE_1.13.2/STM32CubeIDE/plugins/com.st.stm32cube.ide.mcu.externaltools.gnu-tools-for-stm32.12.3.rel1.win32_1.0.100.202403111256/tools/bin/../lib/gcc/arm-none-eabi/12.3.1/../../../../arm-none-eabi/lib/thumb/v7e-m+fp/hard/crt0.o
LOAD ./Common/Src/system_stm32h7xx_dualcore_boot_cm4_cm7.o
LOAD ./Core/Src/DC_motor.o
LOAD ./Core/Src/PID.o
LOAD ./Core/Src/bno055.o
LOAD ./Core/Src/kalman.o
LOAD ./Core/Src/main.o
LOAD ./Core/Src/stm32h7xx_hal_msp.o
LOAD ./Core/Src/stm32h7xx_it.o
LOAD ./Core/Src/syscalls.o
LOAD ./Core/Src/sysmem.o
LOAD ./Core/Startup/startup_stm32h745zitx.o
LOAD ./Drivers/STM32H7xx_HAL_Driver/stm32h7xx_hal.o
LOAD ./Drivers/STM32H7xx_HAL_Driver/stm32h7xx_hal_adc.o
LOAD ./Drivers/STM32H7xx_HAL_Driver/stm32h7xx_hal_adc_ex.o
LOAD ./Drivers/STM32H7xx_HAL_Driver/stm32h7xx_hal_cortex.o
LOAD ./Drivers/STM32H7xx_HAL_Driver/stm32h7xx_hal_dma.o
LOAD ./Drivers/STM32H7xx_HAL_Driver/stm32h7xx_hal_dma_ex.o
LOAD ./Drivers/STM32H7xx_HAL_Driver/stm32h7xx_hal_eth.o
LOAD ./Drivers/STM32H7xx_HAL_Driver/stm32h7xx_hal_eth_ex.o
LOAD ./Drivers/STM32H7xx_HAL_Driver/stm32h7xx_hal_exti.o
LOAD ./Drivers/STM32H7xx_HAL_Driver/stm32h7xx_hal_flash.o
LOAD ./Drivers/STM32H7xx_HAL_Driver/stm32h7xx_hal_flash_ex.o
LOAD ./Drivers/STM32H7xx_HAL_Driver/stm32h7xx_hal_gpio.o
LOAD ./Drivers/STM32H7xx_HAL_Driver/stm32h7xx_hal_hsem.o
LOAD ./Drivers/STM32H7xx_HAL_Driver/stm32h7xx_hal_i2c.o
LOAD ./Drivers/STM32H7xx_HAL_Driver/stm32h7xx_hal_i2c_ex.o
LOAD ./Drivers/STM32H7xx_HAL_Driver/stm32h7xx_hal_mdma.o
LOAD ./Drivers/STM32H7xx_HAL_Driver/stm32h7xx_hal_pwr.o
LOAD ./Drivers/STM32H7xx_HAL_Driver/stm32h7xx_hal_pwr_ex.o
LOAD ./Drivers/STM32H7xx_HAL_Driver/stm32h7xx_hal_rcc.o
LOAD ./Drivers/STM32H7xx_HAL_Driver/stm32h7xx_hal_rcc_ex.o
LOAD ./Drivers/STM32H7xx_HAL_Driver/stm32h7xx_hal_tim.o
LOAD ./Drivers/STM32H7xx_HAL_Driver/stm32h7xx_hal_tim_ex.o
LOAD ./Drivers/STM32H7xx_HAL_Driver/stm32h7xx_hal_uart.o
LOAD ./Drivers/STM32H7xx_HAL_Driver/stm32h7xx_hal_uart_ex.o
LOAD C:\Users\andra\Desktop\stm\cartella progetto\BICICLETTA\Drivers\CMSIS\Lib\GCC\libarm_cortexM4lf_math.a
START GROUP
LOAD C:/ST/STM32CubeIDE_1.13.2/STM32CubeIDE/plugins/com.st.stm32cube.ide.mcu.externaltools.gnu-tools-for-stm32.12.3.rel1.win32_1.0.100.202403111256/tools/bin/../lib/gcc/arm-none-eabi/12.3.1/../../../../arm-none-eabi/lib/thumb/v7e-m+fp/hard\libc_nano.a
LOAD C:/ST/STM32CubeIDE_1.13.2/STM32CubeIDE/plugins/com.st.stm32cube.ide.mcu.externaltools.gnu-tools-for-stm32.12.3.rel1.win32_1.0.100.202403111256/tools/bin/../lib/gcc/arm-none-eabi/12.3.1/../../../../arm-none-eabi/lib/thumb/v7e-m+fp/hard\libm.a
END GROUP
START GROUP
LOAD C:/ST/STM32CubeIDE_1.13.2/STM32CubeIDE/plugins/com.st.stm32cube.ide.mcu.externaltools.gnu-tools-for-stm32.12.3.rel1.win32_1.0.100.202403111256/tools/bin/../lib/gcc/arm-none-eabi/12.3.1/thumb/v7e-m+fp/hard\libgcc.a
LOAD C:/ST/STM32CubeIDE_1.13.2/STM32CubeIDE/plugins/com.st.stm32cube.ide.mcu.externaltools.gnu-tools-for-stm32.12.3.rel1.win32_1.0.100.202403111256/tools/bin/../lib/gcc/arm-none-eabi/12.3.1/../../../../arm-none-eabi/lib/thumb/v7e-m+fp/hard\libc_nano.a
END GROUP
START GROUP
LOAD C:/ST/STM32CubeIDE_1.13.2/STM32CubeIDE/plugins/com.st.stm32cube.ide.mcu.externaltools.gnu-tools-for-stm32.12.3.rel1.win32_1.0.100.202403111256/tools/bin/../lib/gcc/arm-none-eabi/12.3.1/thumb/v7e-m+fp/hard\libgcc.a
LOAD C:/ST/STM32CubeIDE_1.13.2/STM32CubeIDE/plugins/com.st.stm32cube.ide.mcu.externaltools.gnu-tools-for-stm32.12.3.rel1.win32_1.0.100.202403111256/tools/bin/../lib/gcc/arm-none-eabi/12.3.1/../../../../arm-none-eabi/lib/thumb/v7e-m+fp/hard\libc_nano.a
LOAD C:/ST/STM32CubeIDE_1.13.2/STM32CubeIDE/plugins/com.st.stm32cube.ide.mcu.externaltools.gnu-tools-for-stm32.12.3.rel1.win32_1.0.100.202403111256/tools/bin/../lib/gcc/arm-none-eabi/12.3.1/../../../../arm-none-eabi/lib/thumb/v7e-m+fp/hard\libnosys.a
END GROUP
START GROUP
LOAD C:/ST/STM32CubeIDE_1.13.2/STM32CubeIDE/plugins/com.st.stm32cube.ide.mcu.externaltools.gnu-tools-for-stm32.12.3.rel1.win32_1.0.100.202403111256/tools/bin/../lib/gcc/arm-none-eabi/12.3.1/thumb/v7e-m+fp/hard\libgcc.a
LOAD C:/ST/STM32CubeIDE_1.13.2/STM32CubeIDE/plugins/com.st.stm32cube.ide.mcu.externaltools.gnu-tools-for-stm32.12.3.rel1.win32_1.0.100.202403111256/tools/bin/../lib/gcc/arm-none-eabi/12.3.1/../../../../arm-none-eabi/lib/thumb/v7e-m+fp/hard\libc_nano.a
LOAD C:/ST/STM32CubeIDE_1.13.2/STM32CubeIDE/plugins/com.st.stm32cube.ide.mcu.externaltools.gnu-tools-for-stm32.12.3.rel1.win32_1.0.100.202403111256/tools/bin/../lib/gcc/arm-none-eabi/12.3.1/../../../../arm-none-eabi/lib/thumb/v7e-m+fp/hard\libnosys.a
END GROUP
LOAD C:/ST/STM32CubeIDE_1.13.2/STM32CubeIDE/plugins/com.st.stm32cube.ide.mcu.externaltools.gnu-tools-for-stm32.12.3.rel1.win32_1.0.100.202403111256/tools/bin/../lib/gcc/arm-none-eabi/12.3.1/thumb/v7e-m+fp/hard/crtend.o
LOAD C:/ST/STM32CubeIDE_1.13.2/STM32CubeIDE/plugins/com.st.stm32cube.ide.mcu.externaltools.gnu-tools-for-stm32.12.3.rel1.win32_1.0.100.202403111256/tools/bin/../lib/gcc/arm-none-eabi/12.3.1/thumb/v7e-m+fp/hard/crtn.o
                0x10048000                        _estack = (ORIGIN (RAM) + LENGTH (RAM))
                0x00000200                        _Min_Heap_Size = 0x200
                0x00000400                        _Min_Stack_Size = 0x400

.isr_vector     0x08100000      0x298
                0x08100000                        . = ALIGN (0x4)
 *(.isr_vector)
 .isr_vector    0x08100000      0x298 ./Core/Startup/startup_stm32h745zitx.o
                0x08100000                g_pfnVectors
                0x08100298                        . = ALIGN (0x4)

.text           0x081002a0    0x11760
                0x081002a0                        . = ALIGN (0x4)
 *(.text)
 .text          0x081002a0       0x40 C:/ST/STM32CubeIDE_1.13.2/STM32CubeIDE/plugins/com.st.stm32cube.ide.mcu.externaltools.gnu-tools-for-stm32.12.3.rel1.win32_1.0.100.202403111256/tools/bin/../lib/gcc/arm-none-eabi/12.3.1/thumb/v7e-m+fp/hard/crtbegin.o
 .text          0x081002e0       0xa0 C:/ST/STM32CubeIDE_1.13.2/STM32CubeIDE/plugins/com.st.stm32cube.ide.mcu.externaltools.gnu-tools-for-stm32.12.3.rel1.win32_1.0.100.202403111256/tools/bin/../lib/gcc/arm-none-eabi/12.3.1/../../../../arm-none-eabi/lib/thumb/v7e-m+fp/hard\libc_nano.a(libc_a-memchr.o)
                0x081002e0                memchr
 .text          0x08100380       0x10 C:/ST/STM32CubeIDE_1.13.2/STM32CubeIDE/plugins/com.st.stm32cube.ide.mcu.externaltools.gnu-tools-for-stm32.12.3.rel1.win32_1.0.100.202403111256/tools/bin/../lib/gcc/arm-none-eabi/12.3.1/../../../../arm-none-eabi/lib/thumb/v7e-m+fp/hard\libc_nano.a(libc_a-strlen.o)
                0x08100380                strlen
 .text          0x08100390      0x378 C:/ST/STM32CubeIDE_1.13.2/STM32CubeIDE/plugins/com.st.stm32cube.ide.mcu.externaltools.gnu-tools-for-stm32.12.3.rel1.win32_1.0.100.202403111256/tools/bin/../lib/gcc/arm-none-eabi/12.3.1/thumb/v7e-m+fp/hard\libgcc.a(_arm_addsubdf3.o)
                0x08100390                __aeabi_drsub
                0x08100398                __aeabi_dsub
                0x08100398                __subdf3
                0x0810039c                __aeabi_dadd
                0x0810039c                __adddf3
                0x08100614                __floatunsidf
                0x08100614                __aeabi_ui2d
                0x08100634                __floatsidf
                0x08100634                __aeabi_i2d
                0x08100658                __aeabi_f2d
                0x08100658                __extendsfdf2
                0x0810069c                __floatundidf
                0x0810069c                __aeabi_ul2d
                0x081006ac                __floatdidf
                0x081006ac                __aeabi_l2d
 .text          0x08100708      0x424 C:/ST/STM32CubeIDE_1.13.2/STM32CubeIDE/plugins/com.st.stm32cube.ide.mcu.externaltools.gnu-tools-for-stm32.12.3.rel1.win32_1.0.100.202403111256/tools/bin/../lib/gcc/arm-none-eabi/12.3.1/thumb/v7e-m+fp/hard\libgcc.a(_arm_muldivdf3.o)
                0x08100708                __aeabi_dmul
                0x08100708                __muldf3
                0x0810095c                __divdf3
                0x0810095c                __aeabi_ddiv
 .text          0x08100b2c      0x110 C:/ST/STM32CubeIDE_1.13.2/STM32CubeIDE/plugins/com.st.stm32cube.ide.mcu.externaltools.gnu-tools-for-stm32.12.3.rel1.win32_1.0.100.202403111256/tools/bin/../lib/gcc/arm-none-eabi/12.3.1/thumb/v7e-m+fp/hard\libgcc.a(_arm_cmpdf2.o)
                0x08100b2c                __gtdf2
                0x08100b2c                __gedf2
                0x08100b34                __ltdf2
                0x08100b34                __ledf2
                0x08100b3c                __nedf2
                0x08100b3c                __eqdf2
                0x08100b3c                __cmpdf2
                0x08100bb8                __aeabi_cdrcmple
                0x08100bc8                __aeabi_cdcmpeq
                0x08100bc8                __aeabi_cdcmple
                0x08100bd8                __aeabi_dcmpeq
                0x08100bec                __aeabi_dcmplt
                0x08100c00                __aeabi_dcmple
                0x08100c14                __aeabi_dcmpge
                0x08100c28                __aeabi_dcmpgt
 .text          0x08100c3c       0x2c C:/ST/STM32CubeIDE_1.13.2/STM32CubeIDE/plugins/com.st.stm32cube.ide.mcu.externaltools.gnu-tools-for-stm32.12.3.rel1.win32_1.0.100.202403111256/tools/bin/../lib/gcc/arm-none-eabi/12.3.1/thumb/v7e-m+fp/hard\libgcc.a(_arm_unorddf2.o)
                0x08100c3c                __unorddf2
                0x08100c3c                __aeabi_dcmpun
 .text          0x08100c68       0x50 C:/ST/STM32CubeIDE_1.13.2/STM32CubeIDE/plugins/com.st.stm32cube.ide.mcu.externaltools.gnu-tools-for-stm32.12.3.rel1.win32_1.0.100.202403111256/tools/bin/../lib/gcc/arm-none-eabi/12.3.1/thumb/v7e-m+fp/hard\libgcc.a(_arm_fixdfsi.o)
                0x08100c68                __aeabi_d2iz
                0x08100c68                __fixdfsi
 .text          0x08100cb8       0x40 C:/ST/STM32CubeIDE_1.13.2/STM32CubeIDE/plugins/com.st.stm32cube.ide.mcu.externaltools.gnu-tools-for-stm32.12.3.rel1.win32_1.0.100.202403111256/tools/bin/../lib/gcc/arm-none-eabi/12.3.1/thumb/v7e-m+fp/hard\libgcc.a(_arm_fixunsdfsi.o)
                0x08100cb8                __aeabi_d2uiz
                0x08100cb8                __fixunsdfsi
 .text          0x08100cf8       0xa0 C:/ST/STM32CubeIDE_1.13.2/STM32CubeIDE/plugins/com.st.stm32cube.ide.mcu.externaltools.gnu-tools-for-stm32.12.3.rel1.win32_1.0.100.202403111256/tools/bin/../lib/gcc/arm-none-eabi/12.3.1/thumb/v7e-m+fp/hard\libgcc.a(_arm_truncdfsf2.o)
                0x08100cf8                __truncdfsf2
                0x08100cf8                __aeabi_d2f
 .text          0x08100d98       0x30 C:/ST/STM32CubeIDE_1.13.2/STM32CubeIDE/plugins/com.st.stm32cube.ide.mcu.externaltools.gnu-tools-for-stm32.12.3.rel1.win32_1.0.100.202403111256/tools/bin/../lib/gcc/arm-none-eabi/12.3.1/thumb/v7e-m+fp/hard\libgcc.a(_aeabi_uldivmod.o)
                0x08100d98                __aeabi_uldivmod
 .text          0x08100dc8       0x30 C:/ST/STM32CubeIDE_1.13.2/STM32CubeIDE/plugins/com.st.stm32cube.ide.mcu.externaltools.gnu-tools-for-stm32.12.3.rel1.win32_1.0.100.202403111256/tools/bin/../lib/gcc/arm-none-eabi/12.3.1/thumb/v7e-m+fp/hard\libgcc.a(_fixdfdi.o)
                0x08100dc8                __fixdfdi
                0x08100dc8                __aeabi_d2lz
 .text          0x08100df8       0x3c C:/ST/STM32CubeIDE_1.13.2/STM32CubeIDE/plugins/com.st.stm32cube.ide.mcu.externaltools.gnu-tools-for-stm32.12.3.rel1.win32_1.0.100.202403111256/tools/bin/../lib/gcc/arm-none-eabi/12.3.1/thumb/v7e-m+fp/hard\libgcc.a(_fixunsdfdi.o)
                0x08100df8                __fixunsdfdi
                0x08100df8                __aeabi_d2ulz
 .text          0x08100e34      0x2bc C:/ST/STM32CubeIDE_1.13.2/STM32CubeIDE/plugins/com.st.stm32cube.ide.mcu.externaltools.gnu-tools-for-stm32.12.3.rel1.win32_1.0.100.202403111256/tools/bin/../lib/gcc/arm-none-eabi/12.3.1/thumb/v7e-m+fp/hard\libgcc.a(_udivmoddi4.o)
                0x08100e34                __udivmoddi4
 .text          0x081010f0        0x4 C:/ST/STM32CubeIDE_1.13.2/STM32CubeIDE/plugins/com.st.stm32cube.ide.mcu.externaltools.gnu-tools-for-stm32.12.3.rel1.win32_1.0.100.202403111256/tools/bin/../lib/gcc/arm-none-eabi/12.3.1/thumb/v7e-m+fp/hard\libgcc.a(_dvmd_tls.o)
                0x081010f0                __aeabi_idiv0
                0x081010f0                __aeabi_ldiv0
 *(.text*)
 .text.SystemInit
                0x081010f4       0x30 ./Common/Src/system_stm32h7xx_dualcore_boot_cm4_cm7.o
                0x081010f4                SystemInit
 .text.DegreeSec2RPM
                0x08101124       0x40 ./Core/Src/DC_motor.o
                0x08101124                DegreeSec2RPM
 .text.Voltage2Duty
                0x08101164       0x84 ./Core/Src/DC_motor.o
                0x08101164                Voltage2Duty
 .text.Ref2Direction
                0x081011e8       0x30 ./Core/Src/DC_motor.o
                0x081011e8                Ref2Direction
 .text.set_PWM_and_dir_back_wheel
                0x08101218       0x84 ./Core/Src/DC_motor.o
                0x08101218                set_PWM_and_dir_back_wheel
 .text.set_PWM_and_dir_front_wheel
                0x0810129c       0x6c ./Core/Src/DC_motor.o
                0x0810129c                set_PWM_and_dir_front_wheel
 .text.init_PID
                0x08101308       0x42 ./Core/Src/PID.o
                0x08101308                init_PID
 .text.tune_PID
                0x0810134a       0x32 ./Core/Src/PID.o
                0x0810134a                tune_PID
 .text.PID_controller
                0x0810137c       0xc2 ./Core/Src/PID.o
                0x0810137c                PID_controller
 .text.bno055_setPage
                0x0810143e       0x1c ./Core/Src/bno055.o
                0x0810143e                bno055_setPage
 .text.bno055_setOperationMode
                0x0810145a       0x30 ./Core/Src/bno055.o
                0x0810145a                bno055_setOperationMode
 .text.bno055_setOperationModeConfig
                0x0810148a        0xe ./Core/Src/bno055.o
                0x0810148a                bno055_setOperationModeConfig
 .text.bno055_setOperationModeNDOF
                0x08101498        0xe ./Core/Src/bno055.o
                0x08101498                bno055_setOperationModeNDOF
 .text.bno055_reset
                0x081014a6       0x18 ./Core/Src/bno055.o
                0x081014a6                bno055_reset
 *fill*         0x081014be        0x2 
 .text.bno055_setup
                0x081014c0       0x50 ./Core/Src/bno055.o
                0x081014c0                bno055_setup
 .text.bno055_getCalibrationState
                0x08101510       0x74 ./Core/Src/bno055.o
                0x08101510                bno055_getCalibrationState
 .text.bno055_assignI2C
                0x08101584       0x20 ./Core/Src/bno055.o
                0x08101584                bno055_assignI2C
 .text.bno055_delay
                0x081015a4       0x18 ./Core/Src/bno055.o
                0x081015a4                bno055_delay
 .text.bno055_writeData
                0x081015bc      0x1b4 ./Core/Src/bno055.o
                0x081015bc                bno055_writeData
 .text.bno055_readData
                0x08101770       0x98 ./Core/Src/bno055.o
                0x08101770                bno055_readData
 .text.bno055_setPowerMode
                0x08101808       0x3e ./Core/Src/bno055.o
                0x08101808                bno055_setPowerMode
 .text.bno055_getPowerMode
                0x08101846       0x26 ./Core/Src/bno055.o
                0x08101846                bno055_getPowerMode
 .text.kalman_filter_init
                0x0810186c       0x94 ./Core/Src/kalman.o
                0x0810186c                kalman_filter_init
 .text.kalman_predict
                0x08101900       0xdc ./Core/Src/kalman.o
                0x08101900                kalman_predict
 .text.kalman_update
                0x081019dc      0x392 ./Core/Src/kalman.o
                0x081019dc                kalman_update
 *fill*         0x08101d6e        0x2 
 .text.getSpeed
                0x08101d70       0x64 ./Core/Src/main.o
                0x08101d70                getSpeed
 *fill*         0x08101dd4        0x4 
 .text.main     0x08101dd8      0x770 ./Core/Src/main.o
                0x08101dd8                main
 .text.MX_ADC1_Init
                0x08102548       0xf0 ./Core/Src/main.o
 .text.MX_I2C1_Init
                0x08102638       0x80 ./Core/Src/main.o
 .text.MX_TIM1_Init
                0x081026b8      0x158 ./Core/Src/main.o
 .text.MX_TIM2_Init
                0x08102810       0x9c ./Core/Src/main.o
 .text.MX_TIM3_Init
                0x081028ac       0xf0 ./Core/Src/main.o
 .text.MX_TIM4_Init
                0x0810299c       0xac ./Core/Src/main.o
 .text.MX_USART3_UART_Init
                0x08102a48       0x98 ./Core/Src/main.o
 .text.MX_GPIO_Init
                0x08102ae0      0x13c ./Core/Src/main.o
                0x08102ae0                MX_GPIO_Init
 .text.HAL_GPIO_EXTI_Callback
                0x08102c1c       0x28 ./Core/Src/main.o
                0x08102c1c                HAL_GPIO_EXTI_Callback
 .text.HAL_TIM_PeriodElapsedCallback
                0x08102c44       0x4c ./Core/Src/main.o
                0x08102c44                HAL_TIM_PeriodElapsedCallback
 .text.__io_putchar
                0x08102c90       0x24 ./Core/Src/main.o
                0x08102c90                __io_putchar
 .text.__io_getchar
                0x08102cb4       0x38 ./Core/Src/main.o
                0x08102cb4                __io_getchar
 .text.Error_Handler
                0x08102cec        0xc ./Core/Src/main.o
                0x08102cec                Error_Handler
 .text.HAL_MspInit
                0x08102cf8       0x34 ./Core/Src/stm32h7xx_hal_msp.o
                0x08102cf8                HAL_MspInit
 .text.HAL_ADC_MspInit
                0x08102d2c       0xe8 ./Core/Src/stm32h7xx_hal_msp.o
                0x08102d2c                HAL_ADC_MspInit
 .text.HAL_I2C_MspInit
                0x08102e14       0xd0 ./Core/Src/stm32h7xx_hal_msp.o
                0x08102e14                HAL_I2C_MspInit
 .text.HAL_TIM_Base_MspInit
                0x08102ee4       0xa8 ./Core/Src/stm32h7xx_hal_msp.o
                0x08102ee4                HAL_TIM_Base_MspInit
 .text.HAL_TIM_Encoder_MspInit
                0x08102f8c       0x94 ./Core/Src/stm32h7xx_hal_msp.o
                0x08102f8c                HAL_TIM_Encoder_MspInit
 .text.HAL_TIM_MspPostInit
                0x08103020       0xc8 ./Core/Src/stm32h7xx_hal_msp.o
                0x08103020                HAL_TIM_MspPostInit
 .text.HAL_UART_MspInit
                0x081030e8       0xd4 ./Core/Src/stm32h7xx_hal_msp.o
                0x081030e8                HAL_UART_MspInit
 .text.NMI_Handler
                0x081031bc        0x8 ./Core/Src/stm32h7xx_it.o
                0x081031bc                NMI_Handler
 .text.HardFault_Handler
                0x081031c4        0x8 ./Core/Src/stm32h7xx_it.o
                0x081031c4                HardFault_Handler
 .text.MemManage_Handler
                0x081031cc        0x8 ./Core/Src/stm32h7xx_it.o
                0x081031cc                MemManage_Handler
 .text.BusFault_Handler
                0x081031d4        0x8 ./Core/Src/stm32h7xx_it.o
                0x081031d4                BusFault_Handler
 .text.UsageFault_Handler
                0x081031dc        0x8 ./Core/Src/stm32h7xx_it.o
                0x081031dc                UsageFault_Handler
 .text.SVC_Handler
                0x081031e4        0xe ./Core/Src/stm32h7xx_it.o
                0x081031e4                SVC_Handler
 .text.DebugMon_Handler
                0x081031f2        0xe ./Core/Src/stm32h7xx_it.o
                0x081031f2                DebugMon_Handler
 .text.PendSV_Handler
                0x08103200        0xe ./Core/Src/stm32h7xx_it.o
                0x08103200                PendSV_Handler
 .text.SysTick_Handler
                0x0810320e        0xc ./Core/Src/stm32h7xx_it.o
                0x0810320e                SysTick_Handler
 .text.EXTI3_IRQHandler
                0x0810321a        0xe ./Core/Src/stm32h7xx_it.o
                0x0810321a                EXTI3_IRQHandler
 .text.TIM2_IRQHandler
                0x08103228       0x14 ./Core/Src/stm32h7xx_it.o
                0x08103228                TIM2_IRQHandler
 .text._getpid  0x0810323c       0x10 ./Core/Src/syscalls.o
                0x0810323c                _getpid
 .text._kill    0x0810324c       0x20 ./Core/Src/syscalls.o
                0x0810324c                _kill
 .text._exit    0x0810326c       0x16 ./Core/Src/syscalls.o
                0x0810326c                _exit
 .text._read    0x08103282       0x3e ./Core/Src/syscalls.o
                0x08103282                _read
 .text._write   0x081032c0       0x38 ./Core/Src/syscalls.o
                0x081032c0                _write
 .text._close   0x081032f8       0x18 ./Core/Src/syscalls.o
                0x081032f8                _close
 .text._fstat   0x08103310       0x20 ./Core/Src/syscalls.o
                0x08103310                _fstat
 .text._isatty  0x08103330       0x16 ./Core/Src/syscalls.o
                0x08103330                _isatty
 .text._lseek   0x08103346       0x1a ./Core/Src/syscalls.o
                0x08103346                _lseek
 .text._sbrk    0x08103360       0x6c ./Core/Src/sysmem.o
                0x08103360                _sbrk
 .text.Reset_Handler
                0x081033cc       0x50 ./Core/Startup/startup_stm32h745zitx.o
                0x081033cc                Reset_Handler
 .text.Default_Handler
                0x0810341c        0x2 ./Core/Startup/startup_stm32h745zitx.o
                0x0810341c                RTC_Alarm_IRQHandler
                0x0810341c                EXTI2_IRQHandler
                0x0810341c                TIM8_CC_IRQHandler
                0x0810341c                HRTIM1_Master_IRQHandler
                0x0810341c                UART8_IRQHandler
                0x0810341c                SPI4_IRQHandler
                0x0810341c                TIM1_CC_IRQHandler
                0x0810341c                BDMA_Channel6_IRQHandler
                0x0810341c                DMA2_Stream5_IRQHandler
                0x0810341c                HRTIM1_FLT_IRQHandler
                0x0810341c                JPEG_IRQHandler
                0x0810341c                DMA1_Stream5_IRQHandler
                0x0810341c                BDMA_Channel1_IRQHandler
                0x0810341c                HRTIM1_TIMD_IRQHandler
                0x0810341c                TAMP_STAMP_IRQHandler
                0x0810341c                LPTIM4_IRQHandler
                0x0810341c                TIM8_TRG_COM_TIM14_IRQHandler
                0x0810341c                LPTIM2_IRQHandler
                0x0810341c                DFSDM1_FLT1_IRQHandler
                0x0810341c                DMAMUX2_OVR_IRQHandler
                0x0810341c                TIM8_UP_TIM13_IRQHandler
                0x0810341c                I2C3_ER_IRQHandler
                0x0810341c                DFSDM1_FLT2_IRQHandler
                0x0810341c                MDMA_IRQHandler
                0x0810341c                LPTIM3_IRQHandler
                0x0810341c                HSEM1_IRQHandler
                0x0810341c                EXTI0_IRQHandler
                0x0810341c                I2C2_EV_IRQHandler
                0x0810341c                DMA1_Stream2_IRQHandler
                0x0810341c                FPU_IRQHandler
                0x0810341c                OTG_HS_WKUP_IRQHandler
                0x0810341c                FDCAN1_IT1_IRQHandler
                0x0810341c                LTDC_ER_IRQHandler
                0x0810341c                DMA2_Stream2_IRQHandler
                0x0810341c                HRTIM1_TIME_IRQHandler
                0x0810341c                SPI1_IRQHandler
                0x0810341c                TIM6_DAC_IRQHandler
                0x0810341c                DCMI_IRQHandler
                0x0810341c                HRTIM1_TIMC_IRQHandler
                0x0810341c                DMA2_Stream3_IRQHandler
                0x0810341c                SAI2_IRQHandler
                0x0810341c                DFSDM1_FLT3_IRQHandler
                0x0810341c                USART6_IRQHandler
                0x0810341c                TIM17_IRQHandler
                0x0810341c                USART3_IRQHandler
                0x0810341c                BDMA_Channel7_IRQHandler
                0x0810341c                LPTIM5_IRQHandler
                0x0810341c                UART5_IRQHandler
                0x0810341c                ADC3_IRQHandler
                0x0810341c                DMA2_Stream0_IRQHandler
                0x0810341c                TIM4_IRQHandler
                0x0810341c                BDMA_Channel2_IRQHandler
                0x0810341c                QUADSPI_IRQHandler
                0x0810341c                I2C1_EV_IRQHandler
                0x0810341c                DMA1_Stream6_IRQHandler
                0x0810341c                DMAMUX1_OVR_IRQHandler
                0x0810341c                DMA1_Stream1_IRQHandler
                0x0810341c                TIM16_IRQHandler
                0x0810341c                UART4_IRQHandler
                0x0810341c                BDMA_Channel5_IRQHandler
                0x0810341c                TIM3_IRQHandler
                0x0810341c                RCC_IRQHandler
                0x0810341c                TIM8_BRK_TIM12_IRQHandler
                0x0810341c                TIM1_TRG_COM_IRQHandler
                0x0810341c                Default_Handler
                0x0810341c                ECC_IRQHandler
                0x0810341c                CEC_IRQHandler
                0x0810341c                EXTI15_10_IRQHandler
                0x0810341c                BDMA_Channel0_IRQHandler
                0x0810341c                ADC_IRQHandler
                0x0810341c                DMA1_Stream7_IRQHandler
                0x0810341c                HRTIM1_TIMA_IRQHandler
                0x0810341c                SPI5_IRQHandler
                0x0810341c                TIM7_IRQHandler
                0x0810341c                SDMMC1_IRQHandler
                0x0810341c                TIM5_IRQHandler
                0x0810341c                DMA2_Stream7_IRQHandler
                0x0810341c                TIM15_IRQHandler
                0x0810341c                PVD_AVD_IRQHandler
                0x0810341c                I2C3_EV_IRQHandler
                0x0810341c                EXTI9_5_IRQHandler
                0x0810341c                RTC_WKUP_IRQHandler
                0x0810341c                LTDC_IRQHandler
                0x0810341c                SAI3_IRQHandler
                0x0810341c                ETH_WKUP_IRQHandler
                0x0810341c                SPDIF_RX_IRQHandler
                0x0810341c                SPI2_IRQHandler
                0x0810341c                OTG_HS_EP1_IN_IRQHandler
                0x0810341c                DMA1_Stream0_IRQHandler
                0x0810341c                CRS_IRQHandler
                0x0810341c                CM7_SEV_IRQHandler
                0x0810341c                EXTI4_IRQHandler
                0x0810341c                RNG_IRQHandler
                0x0810341c                CM4_SEV_IRQHandler
                0x0810341c                HRTIM1_TIMB_IRQHandler
                0x0810341c                FDCAN2_IT1_IRQHandler
                0x0810341c                ETH_IRQHandler
                0x0810341c                TIM1_UP_IRQHandler
                0x0810341c                WWDG_RST_IRQHandler
                0x0810341c                BDMA_Channel4_IRQHandler
                0x0810341c                OTG_HS_EP1_OUT_IRQHandler
                0x0810341c                WWDG_IRQHandler
                0x0810341c                SPI6_IRQHandler
                0x0810341c                MDIOS_IRQHandler
                0x0810341c                I2C4_EV_IRQHandler
                0x0810341c                FDCAN2_IT0_IRQHandler
                0x0810341c                LPUART1_IRQHandler
                0x0810341c                FDCAN1_IT0_IRQHandler
                0x0810341c                OTG_FS_WKUP_IRQHandler
                0x0810341c                OTG_HS_IRQHandler
                0x0810341c                HSEM2_IRQHandler
                0x0810341c                DMA2D_IRQHandler
                0x0810341c                TIM1_BRK_IRQHandler
                0x0810341c                EXTI1_IRQHandler
                0x0810341c                SDMMC2_IRQHandler
                0x0810341c                OTG_FS_EP1_OUT_IRQHandler
                0x0810341c                BDMA_Channel3_IRQHandler
                0x0810341c                HOLD_CORE_IRQHandler
                0x0810341c                UART7_IRQHandler
                0x0810341c                MDIOS_WKUP_IRQHandler
                0x0810341c                USART2_IRQHandler
                0x0810341c                DFSDM1_FLT0_IRQHandler
                0x0810341c                SAI4_IRQHandler
                0x0810341c                I2C2_ER_IRQHandler
                0x0810341c                DMA2_Stream1_IRQHandler
                0x0810341c                FLASH_IRQHandler
                0x0810341c                DMA2_Stream4_IRQHandler
                0x0810341c                USART1_IRQHandler
                0x0810341c                OTG_FS_IRQHandler
                0x0810341c                SPI3_IRQHandler
                0x0810341c                WAKEUP_PIN_IRQHandler
                0x0810341c                DMA1_Stream4_IRQHandler
                0x0810341c                OTG_FS_EP1_IN_IRQHandler
                0x0810341c                I2C1_ER_IRQHandler
                0x0810341c                FMC_IRQHandler
                0x0810341c                FDCAN_CAL_IRQHandler
                0x0810341c                SWPMI1_IRQHandler
                0x0810341c                COMP1_IRQHandler
                0x0810341c                LPTIM1_IRQHandler
                0x0810341c                I2C4_ER_IRQHandler
                0x0810341c                DMA2_Stream6_IRQHandler
                0x0810341c                SAI1_IRQHandler
                0x0810341c                DMA1_Stream3_IRQHandler
 *fill*         0x0810341e        0x2 
 .text.HAL_Init
                0x08103420       0xbc ./Drivers/STM32H7xx_HAL_Driver/stm32h7xx_hal.o
                0x08103420                HAL_Init
 .text.HAL_InitTick
                0x081034dc       0x6c ./Drivers/STM32H7xx_HAL_Driver/stm32h7xx_hal.o
                0x081034dc                HAL_InitTick
 .text.HAL_IncTick
                0x08103548       0x28 ./Drivers/STM32H7xx_HAL_Driver/stm32h7xx_hal.o
                0x08103548                HAL_IncTick
 .text.HAL_GetTick
                0x08103570       0x18 ./Drivers/STM32H7xx_HAL_Driver/stm32h7xx_hal.o
                0x08103570                HAL_GetTick
 .text.HAL_Delay
                0x08103588       0x48 ./Drivers/STM32H7xx_HAL_Driver/stm32h7xx_hal.o
                0x08103588                HAL_Delay
 .text.HAL_GetREVID
                0x081035d0       0x18 ./Drivers/STM32H7xx_HAL_Driver/stm32h7xx_hal.o
                0x081035d0                HAL_GetREVID
 .text.LL_ADC_SetCommonClock
                0x081035e8       0x26 ./Drivers/STM32H7xx_HAL_Driver/stm32h7xx_hal_adc.o
 .text.LL_ADC_SetCommonPathInternalCh
                0x0810360e       0x26 ./Drivers/STM32H7xx_HAL_Driver/stm32h7xx_hal_adc.o
 .text.LL_ADC_GetCommonPathInternalCh
                0x08103634       0x1c ./Drivers/STM32H7xx_HAL_Driver/stm32h7xx_hal_adc.o
 .text.LL_ADC_SetOffset
                0x08103650       0x40 ./Drivers/STM32H7xx_HAL_Driver/stm32h7xx_hal_adc.o
 .text.LL_ADC_SetDataRightShift
                0x08103690       0x32 ./Drivers/STM32H7xx_HAL_Driver/stm32h7xx_hal_adc.o
 .text.LL_ADC_SetOffsetSignedSaturation
                0x081036c2       0x36 ./Drivers/STM32H7xx_HAL_Driver/stm32h7xx_hal_adc.o
 .text.LL_ADC_REG_IsTriggerSourceSWStart
                0x081036f8       0x26 ./Drivers/STM32H7xx_HAL_Driver/stm32h7xx_hal_adc.o
 .text.LL_ADC_REG_SetSequencerRanks
                0x0810371e       0x58 ./Drivers/STM32H7xx_HAL_Driver/stm32h7xx_hal_adc.o
 .text.LL_ADC_SetChannelSamplingTime
                0x08103776       0x56 ./Drivers/STM32H7xx_HAL_Driver/stm32h7xx_hal_adc.o
 .text.LL_ADC_SetChannelSingleDiff
                0x081037cc       0x48 ./Drivers/STM32H7xx_HAL_Driver/stm32h7xx_hal_adc.o
 .text.LL_ADC_GetMultimode
                0x08103814       0x1c ./Drivers/STM32H7xx_HAL_Driver/stm32h7xx_hal_adc.o
 .text.LL_ADC_GetMultiDMATransfer
                0x08103830       0x1c ./Drivers/STM32H7xx_HAL_Driver/stm32h7xx_hal_adc.o
 .text.LL_ADC_DisableDeepPowerDown
                0x0810384c       0x24 ./Drivers/STM32H7xx_HAL_Driver/stm32h7xx_hal_adc.o
 .text.LL_ADC_IsDeepPowerDownEnabled
                0x08103870       0x28 ./Drivers/STM32H7xx_HAL_Driver/stm32h7xx_hal_adc.o
 .text.LL_ADC_EnableInternalRegulator
                0x08103898       0x28 ./Drivers/STM32H7xx_HAL_Driver/stm32h7xx_hal_adc.o
 .text.LL_ADC_IsInternalRegulatorEnabled
                0x081038c0       0x28 ./Drivers/STM32H7xx_HAL_Driver/stm32h7xx_hal_adc.o
 .text.LL_ADC_Enable
                0x081038e8       0x28 ./Drivers/STM32H7xx_HAL_Driver/stm32h7xx_hal_adc.o
 .text.LL_ADC_Disable
                0x08103910       0x28 ./Drivers/STM32H7xx_HAL_Driver/stm32h7xx_hal_adc.o
 .text.LL_ADC_IsEnabled
                0x08103938       0x26 ./Drivers/STM32H7xx_HAL_Driver/stm32h7xx_hal_adc.o
 .text.LL_ADC_IsDisableOngoing
                0x0810395e       0x26 ./Drivers/STM32H7xx_HAL_Driver/stm32h7xx_hal_adc.o
 .text.LL_ADC_REG_StartConversion
                0x08103984       0x28 ./Drivers/STM32H7xx_HAL_Driver/stm32h7xx_hal_adc.o
 .text.LL_ADC_REG_StopConversion
                0x081039ac       0x28 ./Drivers/STM32H7xx_HAL_Driver/stm32h7xx_hal_adc.o
 .text.LL_ADC_REG_IsConversionOngoing
                0x081039d4       0x26 ./Drivers/STM32H7xx_HAL_Driver/stm32h7xx_hal_adc.o
 .text.LL_ADC_INJ_StopConversion
                0x081039fa       0x28 ./Drivers/STM32H7xx_HAL_Driver/stm32h7xx_hal_adc.o
 .text.LL_ADC_INJ_IsConversionOngoing
                0x08103a22       0x26 ./Drivers/STM32H7xx_HAL_Driver/stm32h7xx_hal_adc.o
 .text.HAL_ADC_Init
                0x08103a48      0x344 ./Drivers/STM32H7xx_HAL_Driver/stm32h7xx_hal_adc.o
                0x08103a48                HAL_ADC_Init
 .text.HAL_ADC_Start
                0x08103d8c      0x194 ./Drivers/STM32H7xx_HAL_Driver/stm32h7xx_hal_adc.o
                0x08103d8c                HAL_ADC_Start
 .text.HAL_ADC_Stop
                0x08103f20       0x66 ./Drivers/STM32H7xx_HAL_Driver/stm32h7xx_hal_adc.o
                0x08103f20                HAL_ADC_Stop
 *fill*         0x08103f86        0x2 
 .text.HAL_ADC_PollForConversion
                0x08103f88      0x1e8 ./Drivers/STM32H7xx_HAL_Driver/stm32h7xx_hal_adc.o
                0x08103f88                HAL_ADC_PollForConversion
 .text.HAL_ADC_GetValue
                0x08104170       0x1a ./Drivers/STM32H7xx_HAL_Driver/stm32h7xx_hal_adc.o
                0x08104170                HAL_ADC_GetValue
 *fill*         0x0810418a        0x2 
 .text.HAL_ADC_ConfigChannel
                0x0810418c      0x6b8 ./Drivers/STM32H7xx_HAL_Driver/stm32h7xx_hal_adc.o
                0x0810418c                HAL_ADC_ConfigChannel
 .text.ADC_ConversionStop
                0x08104844      0x178 ./Drivers/STM32H7xx_HAL_Driver/stm32h7xx_hal_adc.o
                0x08104844                ADC_ConversionStop
 .text.ADC_Enable
                0x081049bc      0x114 ./Drivers/STM32H7xx_HAL_Driver/stm32h7xx_hal_adc.o
                0x081049bc                ADC_Enable
 .text.ADC_Disable
                0x08104ad0       0xbe ./Drivers/STM32H7xx_HAL_Driver/stm32h7xx_hal_adc.o
                0x08104ad0                ADC_Disable
 *fill*         0x08104b8e        0x2 
 .text.ADC_ConfigureBoostMode
                0x08104b90      0x218 ./Drivers/STM32H7xx_HAL_Driver/stm32h7xx_hal_adc.o
                0x08104b90                ADC_ConfigureBoostMode
 .text.LL_ADC_IsEnabled
                0x08104da8       0x26 ./Drivers/STM32H7xx_HAL_Driver/stm32h7xx_hal_adc_ex.o
 .text.LL_ADC_REG_IsConversionOngoing
                0x08104dce       0x26 ./Drivers/STM32H7xx_HAL_Driver/stm32h7xx_hal_adc_ex.o
 .text.HAL_ADCEx_MultiModeConfigChannel
                0x08104df4      0x1c4 ./Drivers/STM32H7xx_HAL_Driver/stm32h7xx_hal_adc_ex.o
                0x08104df4                HAL_ADCEx_MultiModeConfigChannel
 .text.__NVIC_SetPriorityGrouping
                0x08104fb8       0x48 ./Drivers/STM32H7xx_HAL_Driver/stm32h7xx_hal_cortex.o
 .text.__NVIC_GetPriorityGrouping
                0x08105000       0x1c ./Drivers/STM32H7xx_HAL_Driver/stm32h7xx_hal_cortex.o
 .text.__NVIC_EnableIRQ
                0x0810501c       0x3c ./Drivers/STM32H7xx_HAL_Driver/stm32h7xx_hal_cortex.o
 .text.__NVIC_SetPriority
                0x08105058       0x54 ./Drivers/STM32H7xx_HAL_Driver/stm32h7xx_hal_cortex.o
 .text.NVIC_EncodePriority
                0x081050ac       0x66 ./Drivers/STM32H7xx_HAL_Driver/stm32h7xx_hal_cortex.o
 *fill*         0x08105112        0x2 
 .text.SysTick_Config
                0x08105114       0x44 ./Drivers/STM32H7xx_HAL_Driver/stm32h7xx_hal_cortex.o
 .text.HAL_NVIC_SetPriorityGrouping
                0x08105158       0x16 ./Drivers/STM32H7xx_HAL_Driver/stm32h7xx_hal_cortex.o
                0x08105158                HAL_NVIC_SetPriorityGrouping
 .text.HAL_NVIC_SetPriority
                0x0810516e       0x34 ./Drivers/STM32H7xx_HAL_Driver/stm32h7xx_hal_cortex.o
                0x0810516e                HAL_NVIC_SetPriority
 .text.HAL_NVIC_EnableIRQ
                0x081051a2       0x1c ./Drivers/STM32H7xx_HAL_Driver/stm32h7xx_hal_cortex.o
                0x081051a2                HAL_NVIC_EnableIRQ
 .text.HAL_SYSTICK_Config
                0x081051be       0x18 ./Drivers/STM32H7xx_HAL_Driver/stm32h7xx_hal_cortex.o
                0x081051be                HAL_SYSTICK_Config
 *fill*         0x081051d6        0x2 
 .text.HAL_GetCurrentCPUID
                0x081051d8       0x28 ./Drivers/STM32H7xx_HAL_Driver/stm32h7xx_hal_cortex.o
                0x081051d8                HAL_GetCurrentCPUID
 .text.HAL_GPIO_Init
                0x08105200      0x360 ./Drivers/STM32H7xx_HAL_Driver/stm32h7xx_hal_gpio.o
                0x08105200                HAL_GPIO_Init
 .text.HAL_GPIO_WritePin
                0x08105560       0x32 ./Drivers/STM32H7xx_HAL_Driver/stm32h7xx_hal_gpio.o
                0x08105560                HAL_GPIO_WritePin
 .text.HAL_GPIO_EXTI_IRQHandler
                0x08105592       0x34 ./Drivers/STM32H7xx_HAL_Driver/stm32h7xx_hal_gpio.o
                0x08105592                HAL_GPIO_EXTI_IRQHandler
 *fill*         0x081055c6        0x2 
 .text.HAL_HSEM_ActivateNotification
                0x081055c8       0x24 ./Drivers/STM32H7xx_HAL_Driver/stm32h7xx_hal_hsem.o
                0x081055c8                HAL_HSEM_ActivateNotification
 .text.HAL_I2C_Init
                0x081055ec      0x136 ./Drivers/STM32H7xx_HAL_Driver/stm32h7xx_hal_i2c.o
                0x081055ec                HAL_I2C_Init
 *fill*         0x08105722        0x2 
 .text.HAL_I2C_Master_Transmit
                0x08105724      0x230 ./Drivers/STM32H7xx_HAL_Driver/stm32h7xx_hal_i2c.o
                0x08105724                HAL_I2C_Master_Transmit
 .text.HAL_I2C_Master_Receive
                0x08105954      0x1ec ./Drivers/STM32H7xx_HAL_Driver/stm32h7xx_hal_i2c.o
                0x08105954                HAL_I2C_Master_Receive
 .text.HAL_I2C_GetState
                0x08105b40       0x1c ./Drivers/STM32H7xx_HAL_Driver/stm32h7xx_hal_i2c.o
                0x08105b40                HAL_I2C_GetState
 .text.HAL_I2C_GetError
                0x08105b5c       0x18 ./Drivers/STM32H7xx_HAL_Driver/stm32h7xx_hal_i2c.o
                0x08105b5c                HAL_I2C_GetError
 .text.I2C_Flush_TXDR
                0x08105b74       0x48 ./Drivers/STM32H7xx_HAL_Driver/stm32h7xx_hal_i2c.o
 .text.I2C_WaitOnFlagUntilTimeout
                0x08105bbc       0xb2 ./Drivers/STM32H7xx_HAL_Driver/stm32h7xx_hal_i2c.o
 .text.I2C_WaitOnTXISFlagUntilTimeout
                0x08105c6e       0x8e ./Drivers/STM32H7xx_HAL_Driver/stm32h7xx_hal_i2c.o
 .text.I2C_WaitOnSTOPFlagUntilTimeout
                0x08105cfc       0x86 ./Drivers/STM32H7xx_HAL_Driver/stm32h7xx_hal_i2c.o
 *fill*         0x08105d82        0x2 
 .text.I2C_WaitOnRXNEFlagUntilTimeout
                0x08105d84      0x118 ./Drivers/STM32H7xx_HAL_Driver/stm32h7xx_hal_i2c.o
 .text.I2C_IsErrorOccurred
                0x08105e9c      0x1c0 ./Drivers/STM32H7xx_HAL_Driver/stm32h7xx_hal_i2c.o
 .text.I2C_TransferConfig
                0x0810605c       0x64 ./Drivers/STM32H7xx_HAL_Driver/stm32h7xx_hal_i2c.o
 .text.HAL_I2CEx_ConfigAnalogFilter
                0x081060c0       0x96 ./Drivers/STM32H7xx_HAL_Driver/stm32h7xx_hal_i2c_ex.o
                0x081060c0                HAL_I2CEx_ConfigAnalogFilter
 .text.HAL_I2CEx_ConfigDigitalFilter
                0x08106156       0x98 ./Drivers/STM32H7xx_HAL_Driver/stm32h7xx_hal_i2c_ex.o
                0x08106156                HAL_I2CEx_ConfigDigitalFilter
 *fill*         0x081061ee        0x2 
 .text.HAL_PWREx_EnterSTOPMode
                0x081061f0       0xf4 ./Drivers/STM32H7xx_HAL_Driver/stm32h7xx_hal_pwr_ex.o
                0x081061f0                HAL_PWREx_EnterSTOPMode
 .text.HAL_PWREx_ClearPendingEvent
                0x081062e4       0x1a ./Drivers/STM32H7xx_HAL_Driver/stm32h7xx_hal_pwr_ex.o
                0x081062e4                HAL_PWREx_ClearPendingEvent
 *fill*         0x081062fe        0x2 
 .text.HAL_RCC_GetSysClockFreq
                0x08106300      0x2f4 ./Drivers/STM32H7xx_HAL_Driver/stm32h7xx_hal_rcc.o
                0x08106300                HAL_RCC_GetSysClockFreq
 .text.HAL_RCC_GetHCLKFreq
                0x081065f4       0x64 ./Drivers/STM32H7xx_HAL_Driver/stm32h7xx_hal_rcc.o
                0x081065f4                HAL_RCC_GetHCLKFreq
 .text.HAL_RCC_GetPCLK1Freq
                0x08106658       0x2c ./Drivers/STM32H7xx_HAL_Driver/stm32h7xx_hal_rcc.o
                0x08106658                HAL_RCC_GetPCLK1Freq
 .text.HAL_RCC_GetPCLK2Freq
                0x08106684       0x2c ./Drivers/STM32H7xx_HAL_Driver/stm32h7xx_hal_rcc.o
                0x08106684                HAL_RCC_GetPCLK2Freq
 .text.HAL_RCCEx_PeriphCLKConfig
                0x081066b0     0x1414 ./Drivers/STM32H7xx_HAL_Driver/stm32h7xx_hal_rcc_ex.o
                0x081066b0                HAL_RCCEx_PeriphCLKConfig
 .text.HAL_RCCEx_GetPeriphCLKFreq
                0x08107ac4      0xb00 ./Drivers/STM32H7xx_HAL_Driver/stm32h7xx_hal_rcc_ex.o
                0x08107ac4                HAL_RCCEx_GetPeriphCLKFreq
 .text.HAL_RCCEx_GetD3PCLK1Freq
                0x081085c4       0x2c ./Drivers/STM32H7xx_HAL_Driver/stm32h7xx_hal_rcc_ex.o
                0x081085c4                HAL_RCCEx_GetD3PCLK1Freq
 .text.HAL_RCCEx_GetPLL2ClockFreq
                0x081085f0      0x2a8 ./Drivers/STM32H7xx_HAL_Driver/stm32h7xx_hal_rcc_ex.o
                0x081085f0                HAL_RCCEx_GetPLL2ClockFreq
 .text.HAL_RCCEx_GetPLL3ClockFreq
                0x08108898      0x2a8 ./Drivers/STM32H7xx_HAL_Driver/stm32h7xx_hal_rcc_ex.o
                0x08108898                HAL_RCCEx_GetPLL3ClockFreq
 .text.HAL_RCCEx_GetPLL1ClockFreq
                0x08108b40      0x2a4 ./Drivers/STM32H7xx_HAL_Driver/stm32h7xx_hal_rcc_ex.o
                0x08108b40                HAL_RCCEx_GetPLL1ClockFreq
 .text.RCCEx_PLL2_Config
                0x08108de4      0x164 ./Drivers/STM32H7xx_HAL_Driver/stm32h7xx_hal_rcc_ex.o
 .text.RCCEx_PLL3_Config
                0x08108f48      0x164 ./Drivers/STM32H7xx_HAL_Driver/stm32h7xx_hal_rcc_ex.o
 .text.HAL_TIM_Base_Init
                0x081090ac       0xae ./Drivers/STM32H7xx_HAL_Driver/stm32h7xx_hal_tim.o
                0x081090ac                HAL_TIM_Base_Init
 *fill*         0x0810915a        0x2 
 .text.HAL_TIM_Base_Start_IT
                0x0810915c       0xf0 ./Drivers/STM32H7xx_HAL_Driver/stm32h7xx_hal_tim.o
                0x0810915c                HAL_TIM_Base_Start_IT
 .text.HAL_TIM_PWM_Init
                0x0810924c       0xae ./Drivers/STM32H7xx_HAL_Driver/stm32h7xx_hal_tim.o
                0x0810924c                HAL_TIM_PWM_Init
 .text.HAL_TIM_PWM_MspInit
                0x081092fa       0x14 ./Drivers/STM32H7xx_HAL_Driver/stm32h7xx_hal_tim.o
                0x081092fa                HAL_TIM_PWM_MspInit
 *fill*         0x0810930e        0x2 
 .text.HAL_TIM_PWM_Start
                0x08109310      0x21c ./Drivers/STM32H7xx_HAL_Driver/stm32h7xx_hal_tim.o
                0x08109310                HAL_TIM_PWM_Start
 .text.HAL_TIM_Encoder_Init
                0x0810952c      0x14c ./Drivers/STM32H7xx_HAL_Driver/stm32h7xx_hal_tim.o
                0x0810952c                HAL_TIM_Encoder_Init
 .text.HAL_TIM_IRQHandler
                0x08109678      0x20e ./Drivers/STM32H7xx_HAL_Driver/stm32h7xx_hal_tim.o
                0x08109678                HAL_TIM_IRQHandler
 *fill*         0x08109886        0x2 
 .text.HAL_TIM_PWM_ConfigChannel
                0x08109888      0x228 ./Drivers/STM32H7xx_HAL_Driver/stm32h7xx_hal_tim.o
                0x08109888                HAL_TIM_PWM_ConfigChannel
 .text.HAL_TIM_ConfigClockSource
                0x08109ab0      0x1f0 ./Drivers/STM32H7xx_HAL_Driver/stm32h7xx_hal_tim.o
                0x08109ab0                HAL_TIM_ConfigClockSource
 .text.HAL_TIM_OC_DelayElapsedCallback
                0x08109ca0       0x14 ./Drivers/STM32H7xx_HAL_Driver/stm32h7xx_hal_tim.o
                0x08109ca0                HAL_TIM_OC_DelayElapsedCallback
 .text.HAL_TIM_IC_CaptureCallback
                0x08109cb4       0x14 ./Drivers/STM32H7xx_HAL_Driver/stm32h7xx_hal_tim.o
                0x08109cb4                HAL_TIM_IC_CaptureCallback
 .text.HAL_TIM_PWM_PulseFinishedCallback
                0x08109cc8       0x14 ./Drivers/STM32H7xx_HAL_Driver/stm32h7xx_hal_tim.o
                0x08109cc8                HAL_TIM_PWM_PulseFinishedCallback
 .text.HAL_TIM_TriggerCallback
                0x08109cdc       0x14 ./Drivers/STM32H7xx_HAL_Driver/stm32h7xx_hal_tim.o
                0x08109cdc                HAL_TIM_TriggerCallback
 .text.TIM_Base_SetConfig
                0x08109cf0      0x14c ./Drivers/STM32H7xx_HAL_Driver/stm32h7xx_hal_tim.o
                0x08109cf0                TIM_Base_SetConfig
 .text.TIM_OC1_SetConfig
                0x08109e3c      0x120 ./Drivers/STM32H7xx_HAL_Driver/stm32h7xx_hal_tim.o
 .text.TIM_OC2_SetConfig
                0x08109f5c      0x114 ./Drivers/STM32H7xx_HAL_Driver/stm32h7xx_hal_tim.o
                0x08109f5c                TIM_OC2_SetConfig
 .text.TIM_OC3_SetConfig
                0x0810a070      0x110 ./Drivers/STM32H7xx_HAL_Driver/stm32h7xx_hal_tim.o
 .text.TIM_OC4_SetConfig
                0x0810a180       0xd4 ./Drivers/STM32H7xx_HAL_Driver/stm32h7xx_hal_tim.o
 .text.TIM_OC5_SetConfig
                0x0810a254       0xc8 ./Drivers/STM32H7xx_HAL_Driver/stm32h7xx_hal_tim.o
 .text.TIM_OC6_SetConfig
                0x0810a31c       0xcc ./Drivers/STM32H7xx_HAL_Driver/stm32h7xx_hal_tim.o
 .text.TIM_TI1_ConfigInputStage
                0x0810a3e8       0x5e ./Drivers/STM32H7xx_HAL_Driver/stm32h7xx_hal_tim.o
 .text.TIM_TI2_ConfigInputStage
                0x0810a446       0x60 ./Drivers/STM32H7xx_HAL_Driver/stm32h7xx_hal_tim.o
 .text.TIM_ITRx_SetConfig
                0x0810a4a6       0x3a ./Drivers/STM32H7xx_HAL_Driver/stm32h7xx_hal_tim.o
 .text.TIM_ETR_SetConfig
                0x0810a4e0       0x40 ./Drivers/STM32H7xx_HAL_Driver/stm32h7xx_hal_tim.o
                0x0810a4e0                TIM_ETR_SetConfig
 .text.TIM_CCxChannelCmd
                0x0810a520       0x4a ./Drivers/STM32H7xx_HAL_Driver/stm32h7xx_hal_tim.o
                0x0810a520                TIM_CCxChannelCmd
 *fill*         0x0810a56a        0x2 
 .text.HAL_TIMEx_MasterConfigSynchronization
                0x0810a56c      0x11c ./Drivers/STM32H7xx_HAL_Driver/stm32h7xx_hal_tim_ex.o
                0x0810a56c                HAL_TIMEx_MasterConfigSynchronization
 .text.HAL_TIMEx_ConfigBreakDeadTime
                0x0810a688       0xfc ./Drivers/STM32H7xx_HAL_Driver/stm32h7xx_hal_tim_ex.o
                0x0810a688                HAL_TIMEx_ConfigBreakDeadTime
 .text.HAL_TIMEx_CommutCallback
                0x0810a784       0x14 ./Drivers/STM32H7xx_HAL_Driver/stm32h7xx_hal_tim_ex.o
                0x0810a784                HAL_TIMEx_CommutCallback
 .text.HAL_TIMEx_BreakCallback
                0x0810a798       0x14 ./Drivers/STM32H7xx_HAL_Driver/stm32h7xx_hal_tim_ex.o
                0x0810a798                HAL_TIMEx_BreakCallback
 .text.HAL_TIMEx_Break2Callback
                0x0810a7ac       0x14 ./Drivers/STM32H7xx_HAL_Driver/stm32h7xx_hal_tim_ex.o
                0x0810a7ac                HAL_TIMEx_Break2Callback
 .text.HAL_UART_Init
                0x0810a7c0       0xa0 ./Drivers/STM32H7xx_HAL_Driver/stm32h7xx_hal_uart.o
                0x0810a7c0                HAL_UART_Init
 .text.HAL_UART_Transmit
                0x0810a860      0x11c ./Drivers/STM32H7xx_HAL_Driver/stm32h7xx_hal_uart.o
                0x0810a860                HAL_UART_Transmit
 .text.HAL_UART_Receive
                0x0810a97c      0x190 ./Drivers/STM32H7xx_HAL_Driver/stm32h7xx_hal_uart.o
                0x0810a97c                HAL_UART_Receive
 .text.UART_SetConfig
                0x0810ab0c      0xad0 ./Drivers/STM32H7xx_HAL_Driver/stm32h7xx_hal_uart.o
                0x0810ab0c                UART_SetConfig
 .text.UART_AdvFeatureConfig
                0x0810b5dc      0x144 ./Drivers/STM32H7xx_HAL_Driver/stm32h7xx_hal_uart.o
                0x0810b5dc                UART_AdvFeatureConfig
 .text.UART_CheckIdleState
                0x0810b720      0x154 ./Drivers/STM32H7xx_HAL_Driver/stm32h7xx_hal_uart.o
                0x0810b720                UART_CheckIdleState
 .text.UART_WaitOnFlagUntilTimeout
                0x0810b874       0xda ./Drivers/STM32H7xx_HAL_Driver/stm32h7xx_hal_uart.o
                0x0810b874                UART_WaitOnFlagUntilTimeout
 .text.UART_EndRxTransfer
                0x0810b94e       0xcc ./Drivers/STM32H7xx_HAL_Driver/stm32h7xx_hal_uart.o
 .text.HAL_UARTEx_DisableFifoMode
                0x0810ba1a       0x72 ./Drivers/STM32H7xx_HAL_Driver/stm32h7xx_hal_uart_ex.o
                0x0810ba1a                HAL_UARTEx_DisableFifoMode
 .text.HAL_UARTEx_SetTxFifoThreshold
                0x0810ba8c       0x7c ./Drivers/STM32H7xx_HAL_Driver/stm32h7xx_hal_uart_ex.o
                0x0810ba8c                HAL_UARTEx_SetTxFifoThreshold
 .text.HAL_UARTEx_SetRxFifoThreshold
                0x0810bb08       0x7c ./Drivers/STM32H7xx_HAL_Driver/stm32h7xx_hal_uart_ex.o
                0x0810bb08                HAL_UARTEx_SetRxFifoThreshold
 .text.UARTEx_SetNbDataToProcess
                0x0810bb84       0x9c ./Drivers/STM32H7xx_HAL_Driver/stm32h7xx_hal_uart_ex.o
 .text.arm_mat_trans_f32
                0x0810bc20       0xb8 C:\Users\andra\Desktop\stm\cartella progetto\BICICLETTA\Drivers\CMSIS\Lib\GCC\libarm_cortexM4lf_math.a(arm_mat_trans_f32.o)
                0x0810bc20                arm_mat_trans_f32
 .text.arm_mat_sub_f32
                0x0810bcd8       0xd4 C:\Users\andra\Desktop\stm\cartella progetto\BICICLETTA\Drivers\CMSIS\Lib\GCC\libarm_cortexM4lf_math.a(arm_mat_sub_f32.o)
                0x0810bcd8                arm_mat_sub_f32
 .text.arm_mat_mult_f32
                0x0810bdac      0x140 C:\Users\andra\Desktop\stm\cartella progetto\BICICLETTA\Drivers\CMSIS\Lib\GCC\libarm_cortexM4lf_math.a(arm_mat_mult_f32.o)
                0x0810bdac                arm_mat_mult_f32
 .text.arm_mat_inverse_f32
                0x0810beec      0x20c C:\Users\andra\Desktop\stm\cartella progetto\BICICLETTA\Drivers\CMSIS\Lib\GCC\libarm_cortexM4lf_math.a(arm_mat_inverse_f32.o)
                0x0810beec                arm_mat_inverse_f32
 .text.arm_mat_init_f32
                0x0810c0f8        0x8 C:\Users\andra\Desktop\stm\cartella progetto\BICICLETTA\Drivers\CMSIS\Lib\GCC\libarm_cortexM4lf_math.a(arm_mat_init_f32.o)
                0x0810c0f8                arm_mat_init_f32
 .text.arm_mat_add_f32
                0x0810c100       0xd4 C:\Users\andra\Desktop\stm\cartella progetto\BICICLETTA\Drivers\CMSIS\Lib\GCC\libarm_cortexM4lf_math.a(arm_mat_add_f32.o)
                0x0810c100                arm_mat_add_f32
 .text.__cvt    0x0810c1d4       0xca C:/ST/STM32CubeIDE_1.13.2/STM32CubeIDE/plugins/com.st.stm32cube.ide.mcu.externaltools.gnu-tools-for-stm32.12.3.rel1.win32_1.0.100.202403111256/tools/bin/../lib/gcc/arm-none-eabi/12.3.1/../../../../arm-none-eabi/lib/thumb/v7e-m+fp/hard\libc_nano.a(libc_a-nano-vfprintf_float.o)
                0x0810c1d4                __cvt
 .text.__exponent
                0x0810c29e       0x74 C:/ST/STM32CubeIDE_1.13.2/STM32CubeIDE/plugins/com.st.stm32cube.ide.mcu.externaltools.gnu-tools-for-stm32.12.3.rel1.win32_1.0.100.202403111256/tools/bin/../lib/gcc/arm-none-eabi/12.3.1/../../../../arm-none-eabi/lib/thumb/v7e-m+fp/hard\libc_nano.a(libc_a-nano-vfprintf_float.o)
                0x0810c29e                __exponent
 *fill*         0x0810c312        0x2 
 .text._printf_float
                0x0810c314      0x454 C:/ST/STM32CubeIDE_1.13.2/STM32CubeIDE/plugins/com.st.stm32cube.ide.mcu.externaltools.gnu-tools-for-stm32.12.3.rel1.win32_1.0.100.202403111256/tools/bin/../lib/gcc/arm-none-eabi/12.3.1/../../../../arm-none-eabi/lib/thumb/v7e-m+fp/hard\libc_nano.a(libc_a-nano-vfprintf_float.o)
                0x0810c314                _printf_float
 .text._printf_common
                0x0810c768       0xda C:/ST/STM32CubeIDE_1.13.2/STM32CubeIDE/plugins/com.st.stm32cube.ide.mcu.externaltools.gnu-tools-for-stm32.12.3.rel1.win32_1.0.100.202403111256/tools/bin/../lib/gcc/arm-none-eabi/12.3.1/../../../../arm-none-eabi/lib/thumb/v7e-m+fp/hard\libc_nano.a(libc_a-nano-vfprintf_i.o)
                0x0810c768                _printf_common
 *fill*         0x0810c842        0x2 
 .text._printf_i
                0x0810c844      0x240 C:/ST/STM32CubeIDE_1.13.2/STM32CubeIDE/plugins/com.st.stm32cube.ide.mcu.externaltools.gnu-tools-for-stm32.12.3.rel1.win32_1.0.100.202403111256/tools/bin/../lib/gcc/arm-none-eabi/12.3.1/../../../../arm-none-eabi/lib/thumb/v7e-m+fp/hard\libc_nano.a(libc_a-nano-vfprintf_i.o)
                0x0810c844                _printf_i
 .text._scanf_float
                0x0810ca84      0x428 C:/ST/STM32CubeIDE_1.13.2/STM32CubeIDE/plugins/com.st.stm32cube.ide.mcu.externaltools.gnu-tools-for-stm32.12.3.rel1.win32_1.0.100.202403111256/tools/bin/../lib/gcc/arm-none-eabi/12.3.1/../../../../arm-none-eabi/lib/thumb/v7e-m+fp/hard\libc_nano.a(libc_a-nano-vfscanf_float.o)
                0x0810ca84                _scanf_float
 .text.std      0x0810ceac       0x6c C:/ST/STM32CubeIDE_1.13.2/STM32CubeIDE/plugins/com.st.stm32cube.ide.mcu.externaltools.gnu-tools-for-stm32.12.3.rel1.win32_1.0.100.202403111256/tools/bin/../lib/gcc/arm-none-eabi/12.3.1/../../../../arm-none-eabi/lib/thumb/v7e-m+fp/hard\libc_nano.a(libc_a-findfp.o)
 .text.stdio_exit_handler
                0x0810cf18       0x18 C:/ST/STM32CubeIDE_1.13.2/STM32CubeIDE/plugins/com.st.stm32cube.ide.mcu.externaltools.gnu-tools-for-stm32.12.3.rel1.win32_1.0.100.202403111256/tools/bin/../lib/gcc/arm-none-eabi/12.3.1/../../../../arm-none-eabi/lib/thumb/v7e-m+fp/hard\libc_nano.a(libc_a-findfp.o)
 .text.cleanup_stdio
                0x0810cf30       0x40 C:/ST/STM32CubeIDE_1.13.2/STM32CubeIDE/plugins/com.st.stm32cube.ide.mcu.externaltools.gnu-tools-for-stm32.12.3.rel1.win32_1.0.100.202403111256/tools/bin/../lib/gcc/arm-none-eabi/12.3.1/../../../../arm-none-eabi/lib/thumb/v7e-m+fp/hard\libc_nano.a(libc_a-findfp.o)
 .text.global_stdio_init.part.0
                0x0810cf70       0x3c C:/ST/STM32CubeIDE_1.13.2/STM32CubeIDE/plugins/com.st.stm32cube.ide.mcu.externaltools.gnu-tools-for-stm32.12.3.rel1.win32_1.0.100.202403111256/tools/bin/../lib/gcc/arm-none-eabi/12.3.1/../../../../arm-none-eabi/lib/thumb/v7e-m+fp/hard\libc_nano.a(libc_a-findfp.o)
 .text.__sfp_lock_acquire
                0x0810cfac        0xc C:/ST/STM32CubeIDE_1.13.2/STM32CubeIDE/plugins/com.st.stm32cube.ide.mcu.externaltools.gnu-tools-for-stm32.12.3.rel1.win32_1.0.100.202403111256/tools/bin/../lib/gcc/arm-none-eabi/12.3.1/../../../../arm-none-eabi/lib/thumb/v7e-m+fp/hard\libc_nano.a(libc_a-findfp.o)
                0x0810cfac                __sfp_lock_acquire
 .text.__sfp_lock_release
                0x0810cfb8        0xc C:/ST/STM32CubeIDE_1.13.2/STM32CubeIDE/plugins/com.st.stm32cube.ide.mcu.externaltools.gnu-tools-for-stm32.12.3.rel1.win32_1.0.100.202403111256/tools/bin/../lib/gcc/arm-none-eabi/12.3.1/../../../../arm-none-eabi/lib/thumb/v7e-m+fp/hard\libc_nano.a(libc_a-findfp.o)
                0x0810cfb8                __sfp_lock_release
 .text.__sinit  0x0810cfc4       0x30 C:/ST/STM32CubeIDE_1.13.2/STM32CubeIDE/plugins/com.st.stm32cube.ide.mcu.externaltools.gnu-tools-for-stm32.12.3.rel1.win32_1.0.100.202403111256/tools/bin/../lib/gcc/arm-none-eabi/12.3.1/../../../../arm-none-eabi/lib/thumb/v7e-m+fp/hard\libc_nano.a(libc_a-findfp.o)
                0x0810cfc4                __sinit
 .text._fwalk_sglue
                0x0810cff4       0x3c C:/ST/STM32CubeIDE_1.13.2/STM32CubeIDE/plugins/com.st.stm32cube.ide.mcu.externaltools.gnu-tools-for-stm32.12.3.rel1.win32_1.0.100.202403111256/tools/bin/../lib/gcc/arm-none-eabi/12.3.1/../../../../arm-none-eabi/lib/thumb/v7e-m+fp/hard\libc_nano.a(libc_a-fwalk.o)
                0x0810cff4                _fwalk_sglue
 .text.printf   0x0810d030       0x24 C:/ST/STM32CubeIDE_1.13.2/STM32CubeIDE/plugins/com.st.stm32cube.ide.mcu.externaltools.gnu-tools-for-stm32.12.3.rel1.win32_1.0.100.202403111256/tools/bin/../lib/gcc/arm-none-eabi/12.3.1/../../../../arm-none-eabi/lib/thumb/v7e-m+fp/hard\libc_nano.a(libc_a-printf.o)
                0x0810d030                iprintf
                0x0810d030                printf
 .text._puts_r  0x0810d054       0xaa C:/ST/STM32CubeIDE_1.13.2/STM32CubeIDE/plugins/com.st.stm32cube.ide.mcu.externaltools.gnu-tools-for-stm32.12.3.rel1.win32_1.0.100.202403111256/tools/bin/../lib/gcc/arm-none-eabi/12.3.1/../../../../arm-none-eabi/lib/thumb/v7e-m+fp/hard\libc_nano.a(libc_a-puts.o)
                0x0810d054                _puts_r
 *fill*         0x0810d0fe        0x2 
 .text.puts     0x0810d100       0x10 C:/ST/STM32CubeIDE_1.13.2/STM32CubeIDE/plugins/com.st.stm32cube.ide.mcu.externaltools.gnu-tools-for-stm32.12.3.rel1.win32_1.0.100.202403111256/tools/bin/../lib/gcc/arm-none-eabi/12.3.1/../../../../arm-none-eabi/lib/thumb/v7e-m+fp/hard\libc_nano.a(libc_a-puts.o)
                0x0810d100                puts
 .text.sprintf  0x0810d110       0x40 C:/ST/STM32CubeIDE_1.13.2/STM32CubeIDE/plugins/com.st.stm32cube.ide.mcu.externaltools.gnu-tools-for-stm32.12.3.rel1.win32_1.0.100.202403111256/tools/bin/../lib/gcc/arm-none-eabi/12.3.1/../../../../arm-none-eabi/lib/thumb/v7e-m+fp/hard\libc_nano.a(libc_a-sprintf.o)
                0x0810d110                siprintf
                0x0810d110                sprintf
 .text.__sread  0x0810d150       0x22 C:/ST/STM32CubeIDE_1.13.2/STM32CubeIDE/plugins/com.st.stm32cube.ide.mcu.externaltools.gnu-tools-for-stm32.12.3.rel1.win32_1.0.100.202403111256/tools/bin/../lib/gcc/arm-none-eabi/12.3.1/../../../../arm-none-eabi/lib/thumb/v7e-m+fp/hard\libc_nano.a(libc_a-stdio.o)
                0x0810d150                __sread
 .text.__swrite
                0x0810d172       0x38 C:/ST/STM32CubeIDE_1.13.2/STM32CubeIDE/plugins/com.st.stm32cube.ide.mcu.externaltools.gnu-tools-for-stm32.12.3.rel1.win32_1.0.100.202403111256/tools/bin/../lib/gcc/arm-none-eabi/12.3.1/../../../../arm-none-eabi/lib/thumb/v7e-m+fp/hard\libc_nano.a(libc_a-stdio.o)
                0x0810d172                __swrite
 .text.__sseek  0x0810d1aa       0x24 C:/ST/STM32CubeIDE_1.13.2/STM32CubeIDE/plugins/com.st.stm32cube.ide.mcu.externaltools.gnu-tools-for-stm32.12.3.rel1.win32_1.0.100.202403111256/tools/bin/../lib/gcc/arm-none-eabi/12.3.1/../../../../arm-none-eabi/lib/thumb/v7e-m+fp/hard\libc_nano.a(libc_a-stdio.o)
                0x0810d1aa                __sseek
 .text.__sclose
                0x0810d1ce        0x8 C:/ST/STM32CubeIDE_1.13.2/STM32CubeIDE/plugins/com.st.stm32cube.ide.mcu.externaltools.gnu-tools-for-stm32.12.3.rel1.win32_1.0.100.202403111256/tools/bin/../lib/gcc/arm-none-eabi/12.3.1/../../../../arm-none-eabi/lib/thumb/v7e-m+fp/hard\libc_nano.a(libc_a-stdio.o)
                0x0810d1ce                __sclose
 .text.__swbuf_r
                0x0810d1d6       0x7c C:/ST/STM32CubeIDE_1.13.2/STM32CubeIDE/plugins/com.st.stm32cube.ide.mcu.externaltools.gnu-tools-for-stm32.12.3.rel1.win32_1.0.100.202403111256/tools/bin/../lib/gcc/arm-none-eabi/12.3.1/../../../../arm-none-eabi/lib/thumb/v7e-m+fp/hard\libc_nano.a(libc_a-wbuf.o)
                0x0810d1d6                __swbuf_r
 *fill*         0x0810d252        0x2 
 .text.__swsetup_r
                0x0810d254       0xac C:/ST/STM32CubeIDE_1.13.2/STM32CubeIDE/plugins/com.st.stm32cube.ide.mcu.externaltools.gnu-tools-for-stm32.12.3.rel1.win32_1.0.100.202403111256/tools/bin/../lib/gcc/arm-none-eabi/12.3.1/../../../../arm-none-eabi/lib/thumb/v7e-m+fp/hard\libc_nano.a(libc_a-wsetup.o)
                0x0810d254                __swsetup_r
 .text.memset   0x0810d300       0x10 C:/ST/STM32CubeIDE_1.13.2/STM32CubeIDE/plugins/com.st.stm32cube.ide.mcu.externaltools.gnu-tools-for-stm32.12.3.rel1.win32_1.0.100.202403111256/tools/bin/../lib/gcc/arm-none-eabi/12.3.1/../../../../arm-none-eabi/lib/thumb/v7e-m+fp/hard\libc_nano.a(libc_a-memset.o)
                0x0810d300                memset
 .text._localeconv_r
                0x0810d310        0x8 C:/ST/STM32CubeIDE_1.13.2/STM32CubeIDE/plugins/com.st.stm32cube.ide.mcu.externaltools.gnu-tools-for-stm32.12.3.rel1.win32_1.0.100.202403111256/tools/bin/../lib/gcc/arm-none-eabi/12.3.1/../../../../arm-none-eabi/lib/thumb/v7e-m+fp/hard\libc_nano.a(libc_a-localeconv.o)
                0x0810d310                _localeconv_r
 .text._close_r
                0x0810d318       0x20 C:/ST/STM32CubeIDE_1.13.2/STM32CubeIDE/plugins/com.st.stm32cube.ide.mcu.externaltools.gnu-tools-for-stm32.12.3.rel1.win32_1.0.100.202403111256/tools/bin/../lib/gcc/arm-none-eabi/12.3.1/../../../../arm-none-eabi/lib/thumb/v7e-m+fp/hard\libc_nano.a(libc_a-closer.o)
                0x0810d318                _close_r
 .text._lseek_r
                0x0810d338       0x24 C:/ST/STM32CubeIDE_1.13.2/STM32CubeIDE/plugins/com.st.stm32cube.ide.mcu.externaltools.gnu-tools-for-stm32.12.3.rel1.win32_1.0.100.202403111256/tools/bin/../lib/gcc/arm-none-eabi/12.3.1/../../../../arm-none-eabi/lib/thumb/v7e-m+fp/hard\libc_nano.a(libc_a-lseekr.o)
                0x0810d338                _lseek_r
 .text._read_r  0x0810d35c       0x24 C:/ST/STM32CubeIDE_1.13.2/STM32CubeIDE/plugins/com.st.stm32cube.ide.mcu.externaltools.gnu-tools-for-stm32.12.3.rel1.win32_1.0.100.202403111256/tools/bin/../lib/gcc/arm-none-eabi/12.3.1/../../../../arm-none-eabi/lib/thumb/v7e-m+fp/hard\libc_nano.a(libc_a-readr.o)
                0x0810d35c                _read_r
 .text._write_r
                0x0810d380       0x24 C:/ST/STM32CubeIDE_1.13.2/STM32CubeIDE/plugins/com.st.stm32cube.ide.mcu.externaltools.gnu-tools-for-stm32.12.3.rel1.win32_1.0.100.202403111256/tools/bin/../lib/gcc/arm-none-eabi/12.3.1/../../../../arm-none-eabi/lib/thumb/v7e-m+fp/hard\libc_nano.a(libc_a-writer.o)
                0x0810d380                _write_r
 .text.__errno  0x0810d3a4        0xc C:/ST/STM32CubeIDE_1.13.2/STM32CubeIDE/plugins/com.st.stm32cube.ide.mcu.externaltools.gnu-tools-for-stm32.12.3.rel1.win32_1.0.100.202403111256/tools/bin/../lib/gcc/arm-none-eabi/12.3.1/../../../../arm-none-eabi/lib/thumb/v7e-m+fp/hard\libc_nano.a(libc_a-errno.o)
                0x0810d3a4                __errno
 .text.__libc_init_array
                0x0810d3b0       0x48 C:/ST/STM32CubeIDE_1.13.2/STM32CubeIDE/plugins/com.st.stm32cube.ide.mcu.externaltools.gnu-tools-for-stm32.12.3.rel1.win32_1.0.100.202403111256/tools/bin/../lib/gcc/arm-none-eabi/12.3.1/../../../../arm-none-eabi/lib/thumb/v7e-m+fp/hard\libc_nano.a(libc_a-init.o)
                0x0810d3b0                __libc_init_array
 .text.__retarget_lock_init_recursive
                0x0810d3f8        0x2 C:/ST/STM32CubeIDE_1.13.2/STM32CubeIDE/plugins/com.st.stm32cube.ide.mcu.externaltools.gnu-tools-for-stm32.12.3.rel1.win32_1.0.100.202403111256/tools/bin/../lib/gcc/arm-none-eabi/12.3.1/../../../../arm-none-eabi/lib/thumb/v7e-m+fp/hard\libc_nano.a(libc_a-lock.o)
                0x0810d3f8                __retarget_lock_init_recursive
 .text.__retarget_lock_acquire_recursive
                0x0810d3fa        0x2 C:/ST/STM32CubeIDE_1.13.2/STM32CubeIDE/plugins/com.st.stm32cube.ide.mcu.externaltools.gnu-tools-for-stm32.12.3.rel1.win32_1.0.100.202403111256/tools/bin/../lib/gcc/arm-none-eabi/12.3.1/../../../../arm-none-eabi/lib/thumb/v7e-m+fp/hard\libc_nano.a(libc_a-lock.o)
                0x0810d3fa                __retarget_lock_acquire_recursive
 .text.__retarget_lock_release_recursive
                0x0810d3fc        0x2 C:/ST/STM32CubeIDE_1.13.2/STM32CubeIDE/plugins/com.st.stm32cube.ide.mcu.externaltools.gnu-tools-for-stm32.12.3.rel1.win32_1.0.100.202403111256/tools/bin/../lib/gcc/arm-none-eabi/12.3.1/../../../../arm-none-eabi/lib/thumb/v7e-m+fp/hard\libc_nano.a(libc_a-lock.o)
                0x0810d3fc                __retarget_lock_release_recursive
 .text.memcpy   0x0810d3fe       0x1c C:/ST/STM32CubeIDE_1.13.2/STM32CubeIDE/plugins/com.st.stm32cube.ide.mcu.externaltools.gnu-tools-for-stm32.12.3.rel1.win32_1.0.100.202403111256/tools/bin/../lib/gcc/arm-none-eabi/12.3.1/../../../../arm-none-eabi/lib/thumb/v7e-m+fp/hard\libc_nano.a(libc_a-memcpy-stub.o)
                0x0810d3fe                memcpy
 *fill*         0x0810d41a        0x2 
 .text.nanf     0x0810d41c        0xc C:/ST/STM32CubeIDE_1.13.2/STM32CubeIDE/plugins/com.st.stm32cube.ide.mcu.externaltools.gnu-tools-for-stm32.12.3.rel1.win32_1.0.100.202403111256/tools/bin/../lib/gcc/arm-none-eabi/12.3.1/../../../../arm-none-eabi/lib/thumb/v7e-m+fp/hard\libc_nano.a(libm_a-sf_nan.o)
                0x0810d41c                nanf
 .text.quorem   0x0810d428      0x110 C:/ST/STM32CubeIDE_1.13.2/STM32CubeIDE/plugins/com.st.stm32cube.ide.mcu.externaltools.gnu-tools-for-stm32.12.3.rel1.win32_1.0.100.202403111256/tools/bin/../lib/gcc/arm-none-eabi/12.3.1/../../../../arm-none-eabi/lib/thumb/v7e-m+fp/hard\libc_nano.a(libc_a-dtoa.o)
 .text._dtoa_r  0x0810d538      0xb88 C:/ST/STM32CubeIDE_1.13.2/STM32CubeIDE/plugins/com.st.stm32cube.ide.mcu.externaltools.gnu-tools-for-stm32.12.3.rel1.win32_1.0.100.202403111256/tools/bin/../lib/gcc/arm-none-eabi/12.3.1/../../../../arm-none-eabi/lib/thumb/v7e-m+fp/hard\libc_nano.a(libc_a-dtoa.o)
                0x0810d538                _dtoa_r
 .text._free_r  0x0810e0c0       0x94 C:/ST/STM32CubeIDE_1.13.2/STM32CubeIDE/plugins/com.st.stm32cube.ide.mcu.externaltools.gnu-tools-for-stm32.12.3.rel1.win32_1.0.100.202403111256/tools/bin/../lib/gcc/arm-none-eabi/12.3.1/../../../../arm-none-eabi/lib/thumb/v7e-m+fp/hard\libc_nano.a(libc_a-freer.o)
                0x0810e0c0                _free_r
 .text.malloc   0x0810e154       0x10 C:/ST/STM32CubeIDE_1.13.2/STM32CubeIDE/plugins/com.st.stm32cube.ide.mcu.externaltools.gnu-tools-for-stm32.12.3.rel1.win32_1.0.100.202403111256/tools/bin/../lib/gcc/arm-none-eabi/12.3.1/../../../../arm-none-eabi/lib/thumb/v7e-m+fp/hard\libc_nano.a(libc_a-malloc.o)
                0x0810e154                malloc
 .text.sbrk_aligned
                0x0810e164       0x44 C:/ST/STM32CubeIDE_1.13.2/STM32CubeIDE/plugins/com.st.stm32cube.ide.mcu.externaltools.gnu-tools-for-stm32.12.3.rel1.win32_1.0.100.202403111256/tools/bin/../lib/gcc/arm-none-eabi/12.3.1/../../../../arm-none-eabi/lib/thumb/v7e-m+fp/hard\libc_nano.a(libc_a-mallocr.o)
 .text._malloc_r
                0x0810e1a8      0x100 C:/ST/STM32CubeIDE_1.13.2/STM32CubeIDE/plugins/com.st.stm32cube.ide.mcu.externaltools.gnu-tools-for-stm32.12.3.rel1.win32_1.0.100.202403111256/tools/bin/../lib/gcc/arm-none-eabi/12.3.1/../../../../arm-none-eabi/lib/thumb/v7e-m+fp/hard\libc_nano.a(libc_a-mallocr.o)
                0x0810e1a8                _malloc_r
 .text.__malloc_lock
                0x0810e2a8        0xc C:/ST/STM32CubeIDE_1.13.2/STM32CubeIDE/plugins/com.st.stm32cube.ide.mcu.externaltools.gnu-tools-for-stm32.12.3.rel1.win32_1.0.100.202403111256/tools/bin/../lib/gcc/arm-none-eabi/12.3.1/../../../../arm-none-eabi/lib/thumb/v7e-m+fp/hard\libc_nano.a(libc_a-mlock.o)
                0x0810e2a8                __malloc_lock
 .text.__malloc_unlock
                0x0810e2b4        0xc C:/ST/STM32CubeIDE_1.13.2/STM32CubeIDE/plugins/com.st.stm32cube.ide.mcu.externaltools.gnu-tools-for-stm32.12.3.rel1.win32_1.0.100.202403111256/tools/bin/../lib/gcc/arm-none-eabi/12.3.1/../../../../arm-none-eabi/lib/thumb/v7e-m+fp/hard\libc_nano.a(libc_a-mlock.o)
                0x0810e2b4                __malloc_unlock
 .text._Balloc  0x0810e2c0       0x80 C:/ST/STM32CubeIDE_1.13.2/STM32CubeIDE/plugins/com.st.stm32cube.ide.mcu.externaltools.gnu-tools-for-stm32.12.3.rel1.win32_1.0.100.202403111256/tools/bin/../lib/gcc/arm-none-eabi/12.3.1/../../../../arm-none-eabi/lib/thumb/v7e-m+fp/hard\libc_nano.a(libc_a-mprec.o)
                0x0810e2c0                _Balloc
 .text._Bfree   0x0810e340       0x44 C:/ST/STM32CubeIDE_1.13.2/STM32CubeIDE/plugins/com.st.stm32cube.ide.mcu.externaltools.gnu-tools-for-stm32.12.3.rel1.win32_1.0.100.202403111256/tools/bin/../lib/gcc/arm-none-eabi/12.3.1/../../../../arm-none-eabi/lib/thumb/v7e-m+fp/hard\libc_nano.a(libc_a-mprec.o)
                0x0810e340                _Bfree
 .text.__multadd
                0x0810e384       0x8c C:/ST/STM32CubeIDE_1.13.2/STM32CubeIDE/plugins/com.st.stm32cube.ide.mcu.externaltools.gnu-tools-for-stm32.12.3.rel1.win32_1.0.100.202403111256/tools/bin/../lib/gcc/arm-none-eabi/12.3.1/../../../../arm-none-eabi/lib/thumb/v7e-m+fp/hard\libc_nano.a(libc_a-mprec.o)
                0x0810e384                __multadd
 .text.__s2b    0x0810e410       0x94 C:/ST/STM32CubeIDE_1.13.2/STM32CubeIDE/plugins/com.st.stm32cube.ide.mcu.externaltools.gnu-tools-for-stm32.12.3.rel1.win32_1.0.100.202403111256/tools/bin/../lib/gcc/arm-none-eabi/12.3.1/../../../../arm-none-eabi/lib/thumb/v7e-m+fp/hard\libc_nano.a(libc_a-mprec.o)
                0x0810e410                __s2b
 .text.__hi0bits
                0x0810e4a4       0x3e C:/ST/STM32CubeIDE_1.13.2/STM32CubeIDE/plugins/com.st.stm32cube.ide.mcu.externaltools.gnu-tools-for-stm32.12.3.rel1.win32_1.0.100.202403111256/tools/bin/../lib/gcc/arm-none-eabi/12.3.1/../../../../arm-none-eabi/lib/thumb/v7e-m+fp/hard\libc_nano.a(libc_a-mprec.o)
                0x0810e4a4                __hi0bits
 .text.__lo0bits
                0x0810e4e2       0x5a C:/ST/STM32CubeIDE_1.13.2/STM32CubeIDE/plugins/com.st.stm32cube.ide.mcu.externaltools.gnu-tools-for-stm32.12.3.rel1.win32_1.0.100.202403111256/tools/bin/../lib/gcc/arm-none-eabi/12.3.1/../../../../arm-none-eabi/lib/thumb/v7e-m+fp/hard\libc_nano.a(libc_a-mprec.o)
                0x0810e4e2                __lo0bits
 .text.__i2b    0x0810e53c       0x2c C:/ST/STM32CubeIDE_1.13.2/STM32CubeIDE/plugins/com.st.stm32cube.ide.mcu.externaltools.gnu-tools-for-stm32.12.3.rel1.win32_1.0.100.202403111256/tools/bin/../lib/gcc/arm-none-eabi/12.3.1/../../../../arm-none-eabi/lib/thumb/v7e-m+fp/hard\libc_nano.a(libc_a-mprec.o)
                0x0810e53c                __i2b
 .text.__multiply
                0x0810e568      0x154 C:/ST/STM32CubeIDE_1.13.2/STM32CubeIDE/plugins/com.st.stm32cube.ide.mcu.externaltools.gnu-tools-for-stm32.12.3.rel1.win32_1.0.100.202403111256/tools/bin/../lib/gcc/arm-none-eabi/12.3.1/../../../../arm-none-eabi/lib/thumb/v7e-m+fp/hard\libc_nano.a(libc_a-mprec.o)
                0x0810e568                __multiply
 .text.__pow5mult
                0x0810e6bc       0xb4 C:/ST/STM32CubeIDE_1.13.2/STM32CubeIDE/plugins/com.st.stm32cube.ide.mcu.externaltools.gnu-tools-for-stm32.12.3.rel1.win32_1.0.100.202403111256/tools/bin/../lib/gcc/arm-none-eabi/12.3.1/../../../../arm-none-eabi/lib/thumb/v7e-m+fp/hard\libc_nano.a(libc_a-mprec.o)
                0x0810e6bc                __pow5mult
 .text.__lshift
                0x0810e770       0xd8 C:/ST/STM32CubeIDE_1.13.2/STM32CubeIDE/plugins/com.st.stm32cube.ide.mcu.externaltools.gnu-tools-for-stm32.12.3.rel1.win32_1.0.100.202403111256/tools/bin/../lib/gcc/arm-none-eabi/12.3.1/../../../../arm-none-eabi/lib/thumb/v7e-m+fp/hard\libc_nano.a(libc_a-mprec.o)
                0x0810e770                __lshift
 .text.__mcmp   0x0810e848       0x36 C:/ST/STM32CubeIDE_1.13.2/STM32CubeIDE/plugins/com.st.stm32cube.ide.mcu.externaltools.gnu-tools-for-stm32.12.3.rel1.win32_1.0.100.202403111256/tools/bin/../lib/gcc/arm-none-eabi/12.3.1/../../../../arm-none-eabi/lib/thumb/v7e-m+fp/hard\libc_nano.a(libc_a-mprec.o)
                0x0810e848                __mcmp
 *fill*         0x0810e87e        0x2 
 .text.__mdiff  0x0810e880      0x128 C:/ST/STM32CubeIDE_1.13.2/STM32CubeIDE/plugins/com.st.stm32cube.ide.mcu.externaltools.gnu-tools-for-stm32.12.3.rel1.win32_1.0.100.202403111256/tools/bin/../lib/gcc/arm-none-eabi/12.3.1/../../../../arm-none-eabi/lib/thumb/v7e-m+fp/hard\libc_nano.a(libc_a-mprec.o)
                0x0810e880                __mdiff
 .text.__ulp    0x0810e9a8       0x4c C:/ST/STM32CubeIDE_1.13.2/STM32CubeIDE/plugins/com.st.stm32cube.ide.mcu.externaltools.gnu-tools-for-stm32.12.3.rel1.win32_1.0.100.202403111256/tools/bin/../lib/gcc/arm-none-eabi/12.3.1/../../../../arm-none-eabi/lib/thumb/v7e-m+fp/hard\libc_nano.a(libc_a-mprec.o)
                0x0810e9a8                __ulp
 .text.__b2d    0x0810e9f4       0x94 C:/ST/STM32CubeIDE_1.13.2/STM32CubeIDE/plugins/com.st.stm32cube.ide.mcu.externaltools.gnu-tools-for-stm32.12.3.rel1.win32_1.0.100.202403111256/tools/bin/../lib/gcc/arm-none-eabi/12.3.1/../../../../arm-none-eabi/lib/thumb/v7e-m+fp/hard\libc_nano.a(libc_a-mprec.o)
                0x0810e9f4                __b2d
 .text.__d2b    0x0810ea88       0xb0 C:/ST/STM32CubeIDE_1.13.2/STM32CubeIDE/plugins/com.st.stm32cube.ide.mcu.externaltools.gnu-tools-for-stm32.12.3.rel1.win32_1.0.100.202403111256/tools/bin/../lib/gcc/arm-none-eabi/12.3.1/../../../../arm-none-eabi/lib/thumb/v7e-m+fp/hard\libc_nano.a(libc_a-mprec.o)
                0x0810ea88                __d2b
 .text.__ratio  0x0810eb38       0x64 C:/ST/STM32CubeIDE_1.13.2/STM32CubeIDE/plugins/com.st.stm32cube.ide.mcu.externaltools.gnu-tools-for-stm32.12.3.rel1.win32_1.0.100.202403111256/tools/bin/../lib/gcc/arm-none-eabi/12.3.1/../../../../arm-none-eabi/lib/thumb/v7e-m+fp/hard\libc_nano.a(libc_a-mprec.o)
                0x0810eb38                __ratio
 .text.__copybits
                0x0810eb9c       0x46 C:/ST/STM32CubeIDE_1.13.2/STM32CubeIDE/plugins/com.st.stm32cube.ide.mcu.externaltools.gnu-tools-for-stm32.12.3.rel1.win32_1.0.100.202403111256/tools/bin/../lib/gcc/arm-none-eabi/12.3.1/../../../../arm-none-eabi/lib/thumb/v7e-m+fp/hard\libc_nano.a(libc_a-mprec.o)
                0x0810eb9c                __copybits
 .text.__any_on
                0x0810ebe2       0x42 C:/ST/STM32CubeIDE_1.13.2/STM32CubeIDE/plugins/com.st.stm32cube.ide.mcu.externaltools.gnu-tools-for-stm32.12.3.rel1.win32_1.0.100.202403111256/tools/bin/../lib/gcc/arm-none-eabi/12.3.1/../../../../arm-none-eabi/lib/thumb/v7e-m+fp/hard\libc_nano.a(libc_a-mprec.o)
                0x0810ebe2                __any_on
 .text.sulp     0x0810ec24       0x3c C:/ST/STM32CubeIDE_1.13.2/STM32CubeIDE/plugins/com.st.stm32cube.ide.mcu.externaltools.gnu-tools-for-stm32.12.3.rel1.win32_1.0.100.202403111256/tools/bin/../lib/gcc/arm-none-eabi/12.3.1/../../../../arm-none-eabi/lib/thumb/v7e-m+fp/hard\libc_nano.a(libc_a-strtod.o)
 .text._strtod_l
                0x0810ec60      0xbc8 C:/ST/STM32CubeIDE_1.13.2/STM32CubeIDE/plugins/com.st.stm32cube.ide.mcu.externaltools.gnu-tools-for-stm32.12.3.rel1.win32_1.0.100.202403111256/tools/bin/../lib/gcc/arm-none-eabi/12.3.1/../../../../arm-none-eabi/lib/thumb/v7e-m+fp/hard\libc_nano.a(libc_a-strtod.o)
                0x0810ec60                _strtod_l
 .text._strtod_r
                0x0810f828        0xc C:/ST/STM32CubeIDE_1.13.2/STM32CubeIDE/plugins/com.st.stm32cube.ide.mcu.externaltools.gnu-tools-for-stm32.12.3.rel1.win32_1.0.100.202403111256/tools/bin/../lib/gcc/arm-none-eabi/12.3.1/../../../../arm-none-eabi/lib/thumb/v7e-m+fp/hard\libc_nano.a(libc_a-strtod.o)
                0x0810f828                _strtod_r
 .text._strtol_l.constprop.0
                0x0810f834       0xf4 C:/ST/STM32CubeIDE_1.13.2/STM32CubeIDE/plugins/com.st.stm32cube.ide.mcu.externaltools.gnu-tools-for-stm32.12.3.rel1.win32_1.0.100.202403111256/tools/bin/../lib/gcc/arm-none-eabi/12.3.1/../../../../arm-none-eabi/lib/thumb/v7e-m+fp/hard\libc_nano.a(libc_a-strtol.o)
 .text._strtol_r
                0x0810f928        0x4 C:/ST/STM32CubeIDE_1.13.2/STM32CubeIDE/plugins/com.st.stm32cube.ide.mcu.externaltools.gnu-tools-for-stm32.12.3.rel1.win32_1.0.100.202403111256/tools/bin/../lib/gcc/arm-none-eabi/12.3.1/../../../../arm-none-eabi/lib/thumb/v7e-m+fp/hard\libc_nano.a(libc_a-strtol.o)
                0x0810f928                _strtol_r
 .text.__ssputs_r
                0x0810f92c       0xb6 C:/ST/STM32CubeIDE_1.13.2/STM32CubeIDE/plugins/com.st.stm32cube.ide.mcu.externaltools.gnu-tools-for-stm32.12.3.rel1.win32_1.0.100.202403111256/tools/bin/../lib/gcc/arm-none-eabi/12.3.1/../../../../arm-none-eabi/lib/thumb/v7e-m+fp/hard\libc_nano.a(libc_a-nano-svfprintf.o)
                0x0810f92c                __ssputs_r
 *fill*         0x0810f9e2        0x2 
 .text._svfprintf_r
                0x0810f9e4      0x1f8 C:/ST/STM32CubeIDE_1.13.2/STM32CubeIDE/plugins/com.st.stm32cube.ide.mcu.externaltools.gnu-tools-for-stm32.12.3.rel1.win32_1.0.100.202403111256/tools/bin/../lib/gcc/arm-none-eabi/12.3.1/../../../../arm-none-eabi/lib/thumb/v7e-m+fp/hard\libc_nano.a(libc_a-nano-svfprintf.o)
                0x0810f9e4                _svfiprintf_r
                0x0810f9e4                _svfprintf_r
 .text.__sfputc_r
                0x0810fbdc       0x2e C:/ST/STM32CubeIDE_1.13.2/STM32CubeIDE/plugins/com.st.stm32cube.ide.mcu.externaltools.gnu-tools-for-stm32.12.3.rel1.win32_1.0.100.202403111256/tools/bin/../lib/gcc/arm-none-eabi/12.3.1/../../../../arm-none-eabi/lib/thumb/v7e-m+fp/hard\libc_nano.a(libc_a-nano-vfprintf.o)
 .text.__sfputs_r
                0x0810fc0a       0x24 C:/ST/STM32CubeIDE_1.13.2/STM32CubeIDE/plugins/com.st.stm32cube.ide.mcu.externaltools.gnu-tools-for-stm32.12.3.rel1.win32_1.0.100.202403111256/tools/bin/../lib/gcc/arm-none-eabi/12.3.1/../../../../arm-none-eabi/lib/thumb/v7e-m+fp/hard\libc_nano.a(libc_a-nano-vfprintf.o)
                0x0810fc0a                __sfputs_r
 *fill*         0x0810fc2e        0x2 
 .text._vfprintf_r
                0x0810fc30      0x230 C:/ST/STM32CubeIDE_1.13.2/STM32CubeIDE/plugins/com.st.stm32cube.ide.mcu.externaltools.gnu-tools-for-stm32.12.3.rel1.win32_1.0.100.202403111256/tools/bin/../lib/gcc/arm-none-eabi/12.3.1/../../../../arm-none-eabi/lib/thumb/v7e-m+fp/hard\libc_nano.a(libc_a-nano-vfprintf.o)
                0x0810fc30                _vfprintf_r
                0x0810fc30                _vfiprintf_r
 .text.__sflush_r
                0x0810fe60      0x108 C:/ST/STM32CubeIDE_1.13.2/STM32CubeIDE/plugins/com.st.stm32cube.ide.mcu.externaltools.gnu-tools-for-stm32.12.3.rel1.win32_1.0.100.202403111256/tools/bin/../lib/gcc/arm-none-eabi/12.3.1/../../../../arm-none-eabi/lib/thumb/v7e-m+fp/hard\libc_nano.a(libc_a-fflush.o)
                0x0810fe60                __sflush_r
 .text._fflush_r
                0x0810ff68       0x50 C:/ST/STM32CubeIDE_1.13.2/STM32CubeIDE/plugins/com.st.stm32cube.ide.mcu.externaltools.gnu-tools-for-stm32.12.3.rel1.win32_1.0.100.202403111256/tools/bin/../lib/gcc/arm-none-eabi/12.3.1/../../../../arm-none-eabi/lib/thumb/v7e-m+fp/hard\libc_nano.a(libc_a-fflush.o)
                0x0810ff68                _fflush_r
 .text.__swhatbuf_r
                0x0810ffb8       0x4c C:/ST/STM32CubeIDE_1.13.2/STM32CubeIDE/plugins/com.st.stm32cube.ide.mcu.externaltools.gnu-tools-for-stm32.12.3.rel1.win32_1.0.100.202403111256/tools/bin/../lib/gcc/arm-none-eabi/12.3.1/../../../../arm-none-eabi/lib/thumb/v7e-m+fp/hard\libc_nano.a(libc_a-makebuf.o)
                0x0810ffb8                __swhatbuf_r
 .text.__smakebuf_r
                0x08110004       0x78 C:/ST/STM32CubeIDE_1.13.2/STM32CubeIDE/plugins/com.st.stm32cube.ide.mcu.externaltools.gnu-tools-for-stm32.12.3.rel1.win32_1.0.100.202403111256/tools/bin/../lib/gcc/arm-none-eabi/12.3.1/../../../../arm-none-eabi/lib/thumb/v7e-m+fp/hard\libc_nano.a(libc_a-makebuf.o)
                0x08110004                __smakebuf_r
 .text.memmove  0x0811007c       0x34 C:/ST/STM32CubeIDE_1.13.2/STM32CubeIDE/plugins/com.st.stm32cube.ide.mcu.externaltools.gnu-tools-for-stm32.12.3.rel1.win32_1.0.100.202403111256/tools/bin/../lib/gcc/arm-none-eabi/12.3.1/../../../../arm-none-eabi/lib/thumb/v7e-m+fp/hard\libc_nano.a(libc_a-memmove.o)
                0x0811007c                memmove
 .text.strncmp  0x081100b0       0x24 C:/ST/STM32CubeIDE_1.13.2/STM32CubeIDE/plugins/com.st.stm32cube.ide.mcu.externaltools.gnu-tools-for-stm32.12.3.rel1.win32_1.0.100.202403111256/tools/bin/../lib/gcc/arm-none-eabi/12.3.1/../../../../arm-none-eabi/lib/thumb/v7e-m+fp/hard\libc_nano.a(libc_a-strncmp.o)
                0x081100b0                strncmp
 .text._fstat_r
                0x081100d4       0x24 C:/ST/STM32CubeIDE_1.13.2/STM32CubeIDE/plugins/com.st.stm32cube.ide.mcu.externaltools.gnu-tools-for-stm32.12.3.rel1.win32_1.0.100.202403111256/tools/bin/../lib/gcc/arm-none-eabi/12.3.1/../../../../arm-none-eabi/lib/thumb/v7e-m+fp/hard\libc_nano.a(libc_a-fstatr.o)
                0x081100d4                _fstat_r
 .text._isatty_r
                0x081100f8       0x20 C:/ST/STM32CubeIDE_1.13.2/STM32CubeIDE/plugins/com.st.stm32cube.ide.mcu.externaltools.gnu-tools-for-stm32.12.3.rel1.win32_1.0.100.202403111256/tools/bin/../lib/gcc/arm-none-eabi/12.3.1/../../../../arm-none-eabi/lib/thumb/v7e-m+fp/hard\libc_nano.a(libc_a-isattyr.o)
                0x081100f8                _isatty_r
 .text._sbrk_r  0x08110118       0x20 C:/ST/STM32CubeIDE_1.13.2/STM32CubeIDE/plugins/com.st.stm32cube.ide.mcu.externaltools.gnu-tools-for-stm32.12.3.rel1.win32_1.0.100.202403111256/tools/bin/../lib/gcc/arm-none-eabi/12.3.1/../../../../arm-none-eabi/lib/thumb/v7e-m+fp/hard\libc_nano.a(libc_a-sbrkr.o)
                0x08110118                _sbrk_r
 .text.nan      0x08110138       0x10 C:/ST/STM32CubeIDE_1.13.2/STM32CubeIDE/plugins/com.st.stm32cube.ide.mcu.externaltools.gnu-tools-for-stm32.12.3.rel1.win32_1.0.100.202403111256/tools/bin/../lib/gcc/arm-none-eabi/12.3.1/../../../../arm-none-eabi/lib/thumb/v7e-m+fp/hard\libc_nano.a(libm_a-s_nan.o)
                0x08110138                nan
 .text.__assert_func
                0x08110148       0x3c C:/ST/STM32CubeIDE_1.13.2/STM32CubeIDE/plugins/com.st.stm32cube.ide.mcu.externaltools.gnu-tools-for-stm32.12.3.rel1.win32_1.0.100.202403111256/tools/bin/../lib/gcc/arm-none-eabi/12.3.1/../../../../arm-none-eabi/lib/thumb/v7e-m+fp/hard\libc_nano.a(libc_a-assert.o)
                0x08110148                __assert_func
 .text._calloc_r
                0x08110184       0x28 C:/ST/STM32CubeIDE_1.13.2/STM32CubeIDE/plugins/com.st.stm32cube.ide.mcu.externaltools.gnu-tools-for-stm32.12.3.rel1.win32_1.0.100.202403111256/tools/bin/../lib/gcc/arm-none-eabi/12.3.1/../../../../arm-none-eabi/lib/thumb/v7e-m+fp/hard\libc_nano.a(libc_a-callocr.o)
                0x08110184                _calloc_r
 .text.rshift   0x081101ac       0xa4 C:/ST/STM32CubeIDE_1.13.2/STM32CubeIDE/plugins/com.st.stm32cube.ide.mcu.externaltools.gnu-tools-for-stm32.12.3.rel1.win32_1.0.100.202403111256/tools/bin/../lib/gcc/arm-none-eabi/12.3.1/../../../../arm-none-eabi/lib/thumb/v7e-m+fp/hard\libc_nano.a(libc_a-gdtoa-gethex.o)
 .text.__hexdig_fun
                0x08110250       0x2a C:/ST/STM32CubeIDE_1.13.2/STM32CubeIDE/plugins/com.st.stm32cube.ide.mcu.externaltools.gnu-tools-for-stm32.12.3.rel1.win32_1.0.100.202403111256/tools/bin/../lib/gcc/arm-none-eabi/12.3.1/../../../../arm-none-eabi/lib/thumb/v7e-m+fp/hard\libc_nano.a(libc_a-gdtoa-gethex.o)
                0x08110250                __hexdig_fun
 *fill*         0x0811027a        0x2 
 .text.__gethex
                0x0811027c      0x420 C:/ST/STM32CubeIDE_1.13.2/STM32CubeIDE/plugins/com.st.stm32cube.ide.mcu.externaltools.gnu-tools-for-stm32.12.3.rel1.win32_1.0.100.202403111256/tools/bin/../lib/gcc/arm-none-eabi/12.3.1/../../../../arm-none-eabi/lib/thumb/v7e-m+fp/hard\libc_nano.a(libc_a-gdtoa-gethex.o)
                0x0811027c                __gethex
 .text.L_shift  0x0811069c       0x24 C:/ST/STM32CubeIDE_1.13.2/STM32CubeIDE/plugins/com.st.stm32cube.ide.mcu.externaltools.gnu-tools-for-stm32.12.3.rel1.win32_1.0.100.202403111256/tools/bin/../lib/gcc/arm-none-eabi/12.3.1/../../../../arm-none-eabi/lib/thumb/v7e-m+fp/hard\libc_nano.a(libc_a-gdtoa-hexnan.o)
 .text.__match  0x081106c0       0x28 C:/ST/STM32CubeIDE_1.13.2/STM32CubeIDE/plugins/com.st.stm32cube.ide.mcu.externaltools.gnu-tools-for-stm32.12.3.rel1.win32_1.0.100.202403111256/tools/bin/../lib/gcc/arm-none-eabi/12.3.1/../../../../arm-none-eabi/lib/thumb/v7e-m+fp/hard\libc_nano.a(libc_a-gdtoa-hexnan.o)
                0x081106c0                __match
 .text.__hexnan
                0x081106e8      0x136 C:/ST/STM32CubeIDE_1.13.2/STM32CubeIDE/plugins/com.st.stm32cube.ide.mcu.externaltools.gnu-tools-for-stm32.12.3.rel1.win32_1.0.100.202403111256/tools/bin/../lib/gcc/arm-none-eabi/12.3.1/../../../../arm-none-eabi/lib/thumb/v7e-m+fp/hard\libc_nano.a(libc_a-gdtoa-hexnan.o)
                0x081106e8                __hexnan
 .text.__ascii_mbtowc
                0x0811081e       0x24 C:/ST/STM32CubeIDE_1.13.2/STM32CubeIDE/plugins/com.st.stm32cube.ide.mcu.externaltools.gnu-tools-for-stm32.12.3.rel1.win32_1.0.100.202403111256/tools/bin/../lib/gcc/arm-none-eabi/12.3.1/../../../../arm-none-eabi/lib/thumb/v7e-m+fp/hard\libc_nano.a(libc_a-mbtowc_r.o)
                0x0811081e                __ascii_mbtowc
 .text._realloc_r
                0x08110842       0x5c C:/ST/STM32CubeIDE_1.13.2/STM32CubeIDE/plugins/com.st.stm32cube.ide.mcu.externaltools.gnu-tools-for-stm32.12.3.rel1.win32_1.0.100.202403111256/tools/bin/../lib/gcc/arm-none-eabi/12.3.1/../../../../arm-none-eabi/lib/thumb/v7e-m+fp/hard\libc_nano.a(libc_a-reallocr.o)
                0x08110842                _realloc_r
 .text.__ascii_wctomb
                0x0811089e       0x1a C:/ST/STM32CubeIDE_1.13.2/STM32CubeIDE/plugins/com.st.stm32cube.ide.mcu.externaltools.gnu-tools-for-stm32.12.3.rel1.win32_1.0.100.202403111256/tools/bin/../lib/gcc/arm-none-eabi/12.3.1/../../../../arm-none-eabi/lib/thumb/v7e-m+fp/hard\libc_nano.a(libc_a-wctomb_r.o)
                0x0811089e                __ascii_wctomb
 .text.fprintf  0x081108b8       0x24 C:/ST/STM32CubeIDE_1.13.2/STM32CubeIDE/plugins/com.st.stm32cube.ide.mcu.externaltools.gnu-tools-for-stm32.12.3.rel1.win32_1.0.100.202403111256/tools/bin/../lib/gcc/arm-none-eabi/12.3.1/../../../../arm-none-eabi/lib/thumb/v7e-m+fp/hard\libc_nano.a(libc_a-fprintf.o)
                0x081108b8                fiprintf
                0x081108b8                fprintf
 .text.abort    0x081108dc        0xe C:/ST/STM32CubeIDE_1.13.2/STM32CubeIDE/plugins/com.st.stm32cube.ide.mcu.externaltools.gnu-tools-for-stm32.12.3.rel1.win32_1.0.100.202403111256/tools/bin/../lib/gcc/arm-none-eabi/12.3.1/../../../../arm-none-eabi/lib/thumb/v7e-m+fp/hard\libc_nano.a(libc_a-abort.o)
                0x081108dc                abort
 .text._malloc_usable_size_r
                0x081108ea       0x10 C:/ST/STM32CubeIDE_1.13.2/STM32CubeIDE/plugins/com.st.stm32cube.ide.mcu.externaltools.gnu-tools-for-stm32.12.3.rel1.win32_1.0.100.202403111256/tools/bin/../lib/gcc/arm-none-eabi/12.3.1/../../../../arm-none-eabi/lib/thumb/v7e-m+fp/hard\libc_nano.a(libc_a-msizer.o)
                0x081108ea                _malloc_usable_size_r
 .text._raise_r
                0x081108fa       0x50 C:/ST/STM32CubeIDE_1.13.2/STM32CubeIDE/plugins/com.st.stm32cube.ide.mcu.externaltools.gnu-tools-for-stm32.12.3.rel1.win32_1.0.100.202403111256/tools/bin/../lib/gcc/arm-none-eabi/12.3.1/../../../../arm-none-eabi/lib/thumb/v7e-m+fp/hard\libc_nano.a(libc_a-signal.o)
                0x081108fa                _raise_r
 *fill*         0x0811094a        0x2 
 .text.raise    0x0811094c       0x10 C:/ST/STM32CubeIDE_1.13.2/STM32CubeIDE/plugins/com.st.stm32cube.ide.mcu.externaltools.gnu-tools-for-stm32.12.3.rel1.win32_1.0.100.202403111256/tools/bin/../lib/gcc/arm-none-eabi/12.3.1/../../../../arm-none-eabi/lib/thumb/v7e-m+fp/hard\libc_nano.a(libc_a-signal.o)
                0x0811094c                raise
 .text._kill_r  0x0811095c       0x24 C:/ST/STM32CubeIDE_1.13.2/STM32CubeIDE/plugins/com.st.stm32cube.ide.mcu.externaltools.gnu-tools-for-stm32.12.3.rel1.win32_1.0.100.202403111256/tools/bin/../lib/gcc/arm-none-eabi/12.3.1/../../../../arm-none-eabi/lib/thumb/v7e-m+fp/hard\libc_nano.a(libc_a-signalr.o)
                0x0811095c                _kill_r
 .text._getpid_r
                0x08110980        0x4 C:/ST/STM32CubeIDE_1.13.2/STM32CubeIDE/plugins/com.st.stm32cube.ide.mcu.externaltools.gnu-tools-for-stm32.12.3.rel1.win32_1.0.100.202403111256/tools/bin/../lib/gcc/arm-none-eabi/12.3.1/../../../../arm-none-eabi/lib/thumb/v7e-m+fp/hard\libc_nano.a(libc_a-signalr.o)
                0x08110980                _getpid_r
 *fill*         0x08110984        0x4 
 .text.sin      0x08110988       0xa8 C:/ST/STM32CubeIDE_1.13.2/STM32CubeIDE/plugins/com.st.stm32cube.ide.mcu.externaltools.gnu-tools-for-stm32.12.3.rel1.win32_1.0.100.202403111256/tools/bin/../lib/gcc/arm-none-eabi/12.3.1/../../../../arm-none-eabi/lib/thumb/v7e-m+fp/hard\libm.a(libm_a-s_sin.o)
                0x08110988                sin
 .text.__kernel_cos
                0x08110a30      0x18c C:/ST/STM32CubeIDE_1.13.2/STM32CubeIDE/plugins/com.st.stm32cube.ide.mcu.externaltools.gnu-tools-for-stm32.12.3.rel1.win32_1.0.100.202403111256/tools/bin/../lib/gcc/arm-none-eabi/12.3.1/../../../../arm-none-eabi/lib/thumb/v7e-m+fp/hard\libm.a(libm_a-k_cos.o)
                0x08110a30                __kernel_cos
 *fill*         0x08110bbc        0x4 
 .text.__kernel_sin
                0x08110bc0      0x174 C:/ST/STM32CubeIDE_1.13.2/STM32CubeIDE/plugins/com.st.stm32cube.ide.mcu.externaltools.gnu-tools-for-stm32.12.3.rel1.win32_1.0.100.202403111256/tools/bin/../lib/gcc/arm-none-eabi/12.3.1/../../../../arm-none-eabi/lib/thumb/v7e-m+fp/hard\libm.a(libm_a-k_sin.o)
                0x08110bc0                __kernel_sin
 *fill*         0x08110d34        0x4 
 .text.__ieee754_rem_pio2
                0x08110d38      0x3f8 C:/ST/STM32CubeIDE_1.13.2/STM32CubeIDE/plugins/com.st.stm32cube.ide.mcu.externaltools.gnu-tools-for-stm32.12.3.rel1.win32_1.0.100.202403111256/tools/bin/../lib/gcc/arm-none-eabi/12.3.1/../../../../arm-none-eabi/lib/thumb/v7e-m+fp/hard\libm.a(libm_a-e_rem_pio2.o)
                0x08110d38                __ieee754_rem_pio2
 .text.fabs     0x08111130       0x10 C:/ST/STM32CubeIDE_1.13.2/STM32CubeIDE/plugins/com.st.stm32cube.ide.mcu.externaltools.gnu-tools-for-stm32.12.3.rel1.win32_1.0.100.202403111256/tools/bin/../lib/gcc/arm-none-eabi/12.3.1/../../../../arm-none-eabi/lib/thumb/v7e-m+fp/hard\libm.a(libm_a-s_fabs.o)
                0x08111130                fabs
 .text.__kernel_rem_pio2
                0x08111140      0x6b0 C:/ST/STM32CubeIDE_1.13.2/STM32CubeIDE/plugins/com.st.stm32cube.ide.mcu.externaltools.gnu-tools-for-stm32.12.3.rel1.win32_1.0.100.202403111256/tools/bin/../lib/gcc/arm-none-eabi/12.3.1/../../../../arm-none-eabi/lib/thumb/v7e-m+fp/hard\libm.a(libm_a-k_rem_pio2.o)
                0x08111140                __kernel_rem_pio2
 .text.scalbn   0x081117f0       0xfc C:/ST/STM32CubeIDE_1.13.2/STM32CubeIDE/plugins/com.st.stm32cube.ide.mcu.externaltools.gnu-tools-for-stm32.12.3.rel1.win32_1.0.100.202403111256/tools/bin/../lib/gcc/arm-none-eabi/12.3.1/../../../../arm-none-eabi/lib/thumb/v7e-m+fp/hard\libm.a(libm_a-s_scalbn.o)
                0x081117f0                scalbn
 *fill*         0x081118ec        0x4 
 .text.floor    0x081118f0       0xf8 C:/ST/STM32CubeIDE_1.13.2/STM32CubeIDE/plugins/com.st.stm32cube.ide.mcu.externaltools.gnu-tools-for-stm32.12.3.rel1.win32_1.0.100.202403111256/tools/bin/../lib/gcc/arm-none-eabi/12.3.1/../../../../arm-none-eabi/lib/thumb/v7e-m+fp/hard\libm.a(libm_a-s_floor.o)
                0x081118f0                floor
 *(.glue_7)
 .glue_7        0x081119e8        0x0 linker stubs
 *(.glue_7t)
 .glue_7t       0x081119e8        0x0 linker stubs
 *(.eh_frame)
 .eh_frame      0x081119e8        0x0 C:/ST/STM32CubeIDE_1.13.2/STM32CubeIDE/plugins/com.st.stm32cube.ide.mcu.externaltools.gnu-tools-for-stm32.12.3.rel1.win32_1.0.100.202403111256/tools/bin/../lib/gcc/arm-none-eabi/12.3.1/thumb/v7e-m+fp/hard/crtbegin.o
 *(.init)
 .init          0x081119e8        0x4 C:/ST/STM32CubeIDE_1.13.2/STM32CubeIDE/plugins/com.st.stm32cube.ide.mcu.externaltools.gnu-tools-for-stm32.12.3.rel1.win32_1.0.100.202403111256/tools/bin/../lib/gcc/arm-none-eabi/12.3.1/thumb/v7e-m+fp/hard/crti.o
                0x081119e8                _init