../Core/Src/main.c:324:8:calcolaMediaMobile	32	static
../Core/Src/main.c:348:7:voltToAmpere	32	static
../Core/Src/main.c:360:7:random_float	16	static
../Core/Src/main.c:366:7:getSpeed	24	static
../Core/Src/main.c:377:7:filtro_media_mobile	40	static
../Core/Src/main.c:403:5:main	232	static
../Core/Src/main.c:943:13:MX_ADC1_Init	48	static
../Core/Src/main.c:1007:6:MX_ETH_Init	8	static
../Core/Src/main.c:1055:13:MX_I2C1_Init	8	static
../Core/Src/main.c:1100:13:MX_TIM1_Init	112	static
../Core/Src/main.c:1176:13:MX_TIM2_Init	40	static
../Core/Src/main.c:1218:13:MX_TIM3_Init	64	static
../Core/Src/main.c:1273:13:MX_TIM4_Init	56	static
../Core/Src/main.c:1320:13:MX_TIM6_Init	24	static
../Core/Src/main.c:1356:13:MX_TIM8_Init	56	static
../Core/Src/main.c:1405:13:MX_USART2_UART_Init	8	static
../Core/Src/main.c:1450:13:MX_USART3_UART_Init	8	static
../Core/Src/main.c:1495:6:MX_GPIO_Init	56	static
../Core/Src/main.c:1546:6:HAL_GPIO_EXTI_Callback	16	static
../Core/Src/main.c:1564:6:HAL_TIM_PeriodElapsedCallback	16	static
../Core/Src/main.c:1613:5:__io_putchar	16	static
../Core/Src/main.c:1617:5:__io_getchar	16	static
../Core/Src/main.c:1627:6:Trasmissione_dati	16	static
../Core/Src/main.c:1632:6:HAL_UART_RxCpltCallback	16	static
../Core/Src/main.c:1694:5:_write	24	static
../Core/Src/main.c:1705:6:Error_Handler	4	static,ignoring_inline_asm
