../Core/Src/main.c:230:8:calcolaMediaMobile	32	static
../Core/Src/main.c:256:7:voltToAmpere	24	static
../Core/Src/main.c:268:7:random_float	16	static
../Core/Src/main.c:278:7:getSpeed	24	static
../Core/Src/main.c:295:5:main	104	static
../Core/Src/main.c:830:13:MX_ADC1_Init	48	static
../Core/Src/main.c:898:6:MX_ETH_Init	8	static
../Core/Src/main.c:947:13:MX_I2C1_Init	8	static
../Core/Src/main.c:995:13:MX_TIM1_Init	112	static
../Core/Src/main.c:1075:13:MX_TIM2_Init	40	static
../Core/Src/main.c:1120:13:MX_TIM3_Init	64	static
../Core/Src/main.c:1179:13:MX_TIM4_Init	56	static
../Core/Src/main.c:1228:13:MX_TIM8_Init	56	static
../Core/Src/main.c:1279:13:MX_USART3_UART_Init	8	static
../Core/Src/main.c:1327:6:MX_GPIO_Init	56	static
../Core/Src/main.c:1385:6:HAL_GPIO_EXTI_Callback	16	static
../Core/Src/main.c:1405:6:HAL_TIM_PeriodElapsedCallback	16	static
../Core/Src/main.c:1421:5:__io_putchar	16	static
../Core/Src/main.c:1425:5:__io_getchar	16	static
../Core/Src/main.c:1440:6:Error_Handler	4	static,ignoring_inline_asm
