../Core/Src/main.c:308:8:calcolaMediaMobile	32	static
../Core/Src/main.c:332:7:voltToAmpere	32	static
../Core/Src/main.c:344:7:random_float	16	static
../Core/Src/main.c:350:7:getSpeed	24	static
../Core/Src/main.c:361:7:filtro_media_mobile	40	static
../Core/Src/main.c:387:5:main	216	static
../Core/Src/main.c:897:13:MX_ADC1_Init	48	static
../Core/Src/main.c:961:6:MX_ETH_Init	8	static
../Core/Src/main.c:1009:13:MX_I2C1_Init	8	static
../Core/Src/main.c:1054:13:MX_TIM1_Init	112	static
../Core/Src/main.c:1130:13:MX_TIM2_Init	40	static
../Core/Src/main.c:1172:13:MX_TIM3_Init	64	static
../Core/Src/main.c:1227:13:MX_TIM4_Init	56	static
../Core/Src/main.c:1274:13:MX_TIM6_Init	24	static
../Core/Src/main.c:1310:13:MX_TIM8_Init	56	static
../Core/Src/main.c:1359:13:MX_USART2_UART_Init	8	static
../Core/Src/main.c:1404:13:MX_USART3_UART_Init	8	static
../Core/Src/main.c:1449:6:MX_GPIO_Init	56	static
../Core/Src/main.c:1500:6:HAL_GPIO_EXTI_Callback	16	static
../Core/Src/main.c:1518:6:HAL_TIM_PeriodElapsedCallback	16	static
../Core/Src/main.c:1560:5:__io_putchar	16	static
../Core/Src/main.c:1564:5:__io_getchar	16	static
../Core/Src/main.c:1574:6:Trasmissione_dati	16	static
../Core/Src/main.c:1579:6:HAL_UART_RxCpltCallback	16	static
../Core/Src/main.c:1596:5:_write	24	static
../Core/Src/main.c:1607:6:Error_Handler	4	static,ignoring_inline_asm
