../Core/Src/main.c:190:7:getSpeed	24	static
../Core/Src/main.c:207:5:main	96	static
../Core/Src/main.c:464:13:MX_ADC1_Init	48	static
../Core/Src/main.c:532:6:MX_ETH_Init	8	static
../Core/Src/main.c:581:13:MX_I2C1_Init	8	static
../Core/Src/main.c:629:13:MX_TIM1_Init	112	static
../Core/Src/main.c:709:13:MX_TIM2_Init	40	static
../Core/Src/main.c:754:13:MX_TIM3_Init	64	static
../Core/Src/main.c:813:13:MX_TIM4_Init	56	static
../Core/Src/main.c:862:13:MX_USART3_UART_Init	8	static
../Core/Src/main.c:910:6:MX_GPIO_Init	48	static
../Core/Src/main.c:961:6:HAL_GPIO_EXTI_Callback	16	static
../Core/Src/main.c:970:6:HAL_TIM_PeriodElapsedCallback	16	static
../Core/Src/main.c:985:5:__io_putchar	16	static
../Core/Src/main.c:989:5:__io_getchar	16	static
../Core/Src/main.c:1004:6:Error_Handler	4	static,ignoring_inline_asm
