../Core/Src/main.c:367:8:calcolaMediaMobile	32	static
../Core/Src/main.c:391:7:voltToAmpere	32	static
../Core/Src/main.c:403:7:random_float	16	static
../Core/Src/main.c:409:7:getSpeed	24	static
../Core/Src/main.c:420:7:filtro_media_mobile	40	static
../Core/Src/main.c:445:5:main	344	static
../Core/Src/main.c:1158:13:MX_ADC1_Init	48	static
../Core/Src/main.c:1230:6:MX_ETH_Init	8	static
../Core/Src/main.c:1279:13:MX_I2C1_Init	8	static
../Core/Src/main.c:1327:13:MX_TIM1_Init	112	static
../Core/Src/main.c:1407:13:MX_TIM2_Init	40	static
../Core/Src/main.c:1452:13:MX_TIM3_Init	64	static
../Core/Src/main.c:1511:13:MX_TIM4_Init	56	static
../Core/Src/main.c:1560:13:MX_TIM6_Init	24	static
../Core/Src/main.c:1598:13:MX_TIM7_Init	24	static
../Core/Src/main.c:1636:13:MX_TIM8_Init	56	static
../Core/Src/main.c:1687:13:MX_TIM12_Init	40	static
../Core/Src/main.c:1732:13:MX_USART2_UART_Init	8	static
../Core/Src/main.c:1780:13:MX_USART3_UART_Init	8	static
../Core/Src/main.c:1828:13:MX_USART6_UART_Init	8	static
../Core/Src/main.c:1874:13:MX_DMA_Init	16	static
../Core/Src/main.c:1892:6:MX_GPIO_Init	56	static
../Core/Src/main.c:1945:6:HAL_GPIO_EXTI_Callback	16	static
../Core/Src/main.c:1959:6:HAL_TIM_PeriodElapsedCallback	16	static
../Core/Src/main.c:2030:5:__io_putchar	16	static
../Core/Src/main.c:2036:5:__io_getchar	16	static
../Core/Src/main.c:2046:6:Trasmissione_dati	16	static
../Core/Src/main.c:2051:6:HAL_UART_RxCpltCallback	16	static
../Core/Src/main.c:2101:5:_write	24	static
../Core/Src/main.c:2112:6:Error_Handler	4	static,ignoring_inline_asm
